2021-10-02 23:52:34,693 - log_app - INFO - log message num: 0
2021-10-02 23:52:34,994 - log_app - INFO - log message num: 1
2021-10-02 23:52:35,295 - log_app - INFO - log message num: 2
2021-10-02 23:52:35,596 - log_app - INFO - log message num: 3
2021-10-02 23:52:35,897 - log_app - INFO - log message num: 4
2021-10-02 23:52:36,198 - log_app - INFO - log message num: 5
2021-10-02 23:52:36,499 - log_app - INFO - log message num: 6
2021-10-02 23:52:36,800 - log_app - INFO - log message num: 7
2021-10-02 23:52:37,100 - log_app - INFO - log message num: 8
2021-10-02 23:52:37,401 - log_app - INFO - log message num: 9
2021-10-02 23:52:37,703 - log_app - INFO - log message num: 10
2021-10-02 23:52:38,004 - log_app - INFO - log message num: 11
2021-10-02 23:52:38,305 - log_app - INFO - log message num: 12
2021-10-02 23:52:38,606 - log_app - INFO - log message num: 13
2021-10-02 23:52:38,907 - log_app - INFO - log message num: 14
2021-10-02 23:52:39,208 - log_app - INFO - log message num: 15
2021-10-02 23:52:39,508 - log_app - INFO - log message num: 16
2021-10-02 23:52:39,809 - log_app - INFO - log message num: 17
2021-10-02 23:52:40,110 - log_app - INFO - log message num: 18
2021-10-02 23:52:40,411 - log_app - INFO - log message num: 19
2021-10-02 23:52:40,712 - log_app - INFO - log message num: 20
2021-10-02 23:52:41,013 - log_app - INFO - log message num: 21
2021-10-02 23:52:41,314 - log_app - INFO - log message num: 22
2021-10-02 23:52:41,614 - log_app - INFO - log message num: 23
2021-10-02 23:52:41,915 - log_app - INFO - log message num: 24
2021-10-02 23:52:42,216 - log_app - INFO - log message num: 25
2021-10-02 23:52:42,517 - log_app - INFO - log message num: 26
2021-10-02 23:52:42,818 - log_app - INFO - log message num: 27
2021-10-02 23:52:43,119 - log_app - INFO - log message num: 28
2021-10-02 23:52:43,420 - log_app - INFO - log message num: 29
2021-10-02 23:52:43,721 - log_app - INFO - log message num: 30
2021-10-02 23:52:44,021 - log_app - INFO - log message num: 31
2021-10-02 23:52:44,322 - log_app - INFO - log message num: 32
2021-10-02 23:52:44,623 - log_app - INFO - log message num: 33
2021-10-02 23:52:44,924 - log_app - INFO - log message num: 34
2021-10-02 23:52:45,225 - log_app - INFO - log message num: 35
2021-10-02 23:52:45,526 - log_app - INFO - log message num: 36
2021-10-02 23:52:45,827 - log_app - INFO - log message num: 37
2021-10-02 23:52:46,128 - log_app - INFO - log message num: 38
2021-10-02 23:52:46,428 - log_app - INFO - log message num: 39
2021-10-02 23:52:46,729 - log_app - INFO - log message num: 40
2021-10-02 23:52:47,030 - log_app - INFO - log message num: 41
2021-10-02 23:52:47,331 - log_app - INFO - log message num: 42
2021-10-02 23:52:47,632 - log_app - INFO - log message num: 43
2021-10-02 23:52:47,933 - log_app - INFO - log message num: 44
2021-10-02 23:52:48,234 - log_app - INFO - log message num: 45
2021-10-02 23:52:48,534 - log_app - INFO - log message num: 46
2021-10-02 23:52:48,836 - log_app - INFO - log message num: 47
2021-10-02 23:52:49,136 - log_app - INFO - log message num: 48
2021-10-02 23:52:49,437 - log_app - INFO - log message num: 49
2021-10-02 23:52:49,738 - log_app - INFO - log message num: 50
2021-10-02 23:52:50,039 - log_app - INFO - log message num: 51
2021-10-02 23:52:50,340 - log_app - INFO - log message num: 52
2021-10-02 23:52:50,641 - log_app - INFO - log message num: 53
2021-10-02 23:52:50,942 - log_app - INFO - log message num: 54
2021-10-02 23:52:51,242 - log_app - INFO - log message num: 55
2021-10-02 23:52:51,543 - log_app - INFO - log message num: 56
2021-10-02 23:52:51,844 - log_app - INFO - log message num: 57
2021-10-02 23:52:52,145 - log_app - INFO - log message num: 58
2021-10-02 23:52:52,446 - log_app - INFO - log message num: 59
2021-10-02 23:52:52,747 - log_app - INFO - log message num: 60
2021-10-02 23:52:53,047 - log_app - INFO - log message num: 61
2021-10-02 23:52:53,348 - log_app - INFO - log message num: 62
2021-10-02 23:52:53,649 - log_app - INFO - log message num: 63
2021-10-02 23:52:53,950 - log_app - INFO - log message num: 64
2021-10-02 23:52:54,251 - log_app - INFO - log message num: 65
2021-10-02 23:52:54,552 - log_app - INFO - log message num: 66
2021-10-02 23:52:54,853 - log_app - INFO - log message num: 67
2021-10-02 23:52:55,153 - log_app - INFO - log message num: 68
2021-10-02 23:52:55,454 - log_app - INFO - log message num: 69
2021-10-02 23:52:55,755 - log_app - INFO - log message num: 70
2021-10-02 23:52:56,056 - log_app - INFO - log message num: 71
2021-10-02 23:52:56,357 - log_app - INFO - log message num: 72
2021-10-02 23:52:56,658 - log_app - INFO - log message num: 73
2021-10-02 23:52:56,959 - log_app - INFO - log message num: 74
2021-10-02 23:52:57,259 - log_app - INFO - log message num: 75
2021-10-02 23:52:57,560 - log_app - INFO - log message num: 76
2021-10-02 23:52:57,860 - log_app - INFO - log message num: 77
2021-10-02 23:52:58,161 - log_app - INFO - log message num: 78
2021-10-02 23:52:58,462 - log_app - INFO - log message num: 79
2021-10-02 23:52:58,763 - log_app - INFO - log message num: 80
2021-10-02 23:52:59,064 - log_app - INFO - log message num: 81
2021-10-02 23:52:59,364 - log_app - INFO - log message num: 82
2021-10-02 23:52:59,665 - log_app - INFO - log message num: 83
2021-10-02 23:52:59,966 - log_app - INFO - log message num: 84
2021-10-02 23:53:00,267 - log_app - INFO - log message num: 85
2021-10-02 23:53:00,568 - log_app - INFO - log message num: 86
2021-10-02 23:53:00,868 - log_app - INFO - log message num: 87
2021-10-02 23:53:01,169 - log_app - INFO - log message num: 88
2021-10-02 23:53:01,470 - log_app - INFO - log message num: 89
2021-10-02 23:53:01,771 - log_app - INFO - log message num: 90
2021-10-02 23:53:02,072 - log_app - INFO - log message num: 91
2021-10-02 23:53:02,373 - log_app - INFO - log message num: 92
2021-10-02 23:53:02,674 - log_app - INFO - log message num: 93
2021-10-02 23:53:02,975 - log_app - INFO - log message num: 94
2021-10-02 23:53:03,276 - log_app - INFO - log message num: 95
2021-10-02 23:53:03,576 - log_app - INFO - log message num: 96
2021-10-02 23:53:03,877 - log_app - INFO - log message num: 97
2021-10-02 23:53:04,178 - log_app - INFO - log message num: 98
2021-10-02 23:53:04,479 - log_app - INFO - log message num: 99
2021-10-02 23:53:04,780 - log_app - INFO - log message num: 100
2021-10-02 23:53:05,081 - log_app - INFO - log message num: 101
2021-10-02 23:53:05,381 - log_app - INFO - log message num: 102
2021-10-02 23:53:05,682 - log_app - INFO - log message num: 103
2021-10-02 23:53:05,983 - log_app - INFO - log message num: 104
2021-10-02 23:53:06,284 - log_app - INFO - log message num: 105
2021-10-02 23:53:06,585 - log_app - INFO - log message num: 106
2021-10-02 23:53:06,886 - log_app - INFO - log message num: 107
2021-10-02 23:53:07,187 - log_app - INFO - log message num: 108
2021-10-02 23:53:07,487 - log_app - INFO - log message num: 109
2021-10-02 23:53:07,788 - log_app - INFO - log message num: 110
2021-10-02 23:53:08,089 - log_app - INFO - log message num: 111
2021-10-02 23:53:08,390 - log_app - INFO - log message num: 112
2021-10-02 23:53:08,691 - log_app - INFO - log message num: 113
2021-10-02 23:53:08,992 - log_app - INFO - log message num: 114
2021-10-02 23:53:09,293 - log_app - INFO - log message num: 115
2021-10-02 23:53:09,594 - log_app - INFO - log message num: 116
2021-10-02 23:53:09,894 - log_app - INFO - log message num: 117
2021-10-02 23:53:10,195 - log_app - INFO - log message num: 118
2021-10-02 23:53:10,496 - log_app - INFO - log message num: 119
2021-10-02 23:53:10,797 - log_app - INFO - log message num: 120
2021-10-02 23:53:11,098 - log_app - INFO - log message num: 121
2021-10-02 23:53:11,399 - log_app - INFO - log message num: 122
2021-10-02 23:53:11,700 - log_app - INFO - log message num: 123
2021-10-02 23:53:12,000 - log_app - INFO - log message num: 124
2021-10-02 23:53:12,301 - log_app - INFO - log message num: 125
2021-10-02 23:53:12,602 - log_app - INFO - log message num: 126
2021-10-02 23:53:12,903 - log_app - INFO - log message num: 127
2021-10-02 23:53:13,204 - log_app - INFO - log message num: 128
2021-10-02 23:53:13,505 - log_app - INFO - log message num: 129
2021-10-02 23:53:13,805 - log_app - INFO - log message num: 130
2021-10-02 23:53:14,106 - log_app - INFO - log message num: 131
2021-10-02 23:53:14,407 - log_app - INFO - log message num: 132
2021-10-02 23:53:14,708 - log_app - INFO - log message num: 133
2021-10-02 23:53:15,009 - log_app - INFO - log message num: 134
2021-10-02 23:53:15,310 - log_app - INFO - log message num: 135
2021-10-02 23:53:15,610 - log_app - INFO - log message num: 136
2021-10-02 23:53:15,911 - log_app - INFO - log message num: 137
2021-10-02 23:53:16,212 - log_app - INFO - log message num: 138
2021-10-02 23:53:16,513 - log_app - INFO - log message num: 139
2021-10-02 23:53:16,814 - log_app - INFO - log message num: 140
2021-10-02 23:53:17,115 - log_app - INFO - log message num: 141
2021-10-02 23:53:17,415 - log_app - INFO - log message num: 142
2021-10-02 23:53:17,716 - log_app - INFO - log message num: 143
2021-10-02 23:53:18,017 - log_app - INFO - log message num: 144
2021-10-02 23:53:18,318 - log_app - INFO - log message num: 145
2021-10-02 23:53:18,619 - log_app - INFO - log message num: 146
2021-10-02 23:53:18,919 - log_app - INFO - log message num: 147
2021-10-02 23:53:19,220 - log_app - INFO - log message num: 148
2021-10-02 23:53:19,521 - log_app - INFO - log message num: 149
2021-10-02 23:53:19,822 - log_app - INFO - log message num: 150
2021-10-02 23:53:20,123 - log_app - INFO - log message num: 151
2021-10-02 23:53:20,424 - log_app - INFO - log message num: 152
2021-10-02 23:53:20,724 - log_app - INFO - log message num: 153
2021-10-02 23:53:21,025 - log_app - INFO - log message num: 154
2021-10-02 23:53:21,326 - log_app - INFO - log message num: 155
2021-10-02 23:53:21,627 - log_app - INFO - log message num: 156
2021-10-02 23:53:21,928 - log_app - INFO - log message num: 157
2021-10-02 23:53:22,229 - log_app - INFO - log message num: 158
2021-10-02 23:53:22,530 - log_app - INFO - log message num: 159
2021-10-02 23:53:22,831 - log_app - INFO - log message num: 160
2021-10-02 23:53:23,132 - log_app - INFO - log message num: 161
2021-10-02 23:53:23,433 - log_app - INFO - log message num: 162
2021-10-02 23:53:23,734 - log_app - INFO - log message num: 163
2021-10-02 23:53:24,034 - log_app - INFO - log message num: 164
2021-10-02 23:53:24,335 - log_app - INFO - log message num: 165
2021-10-02 23:53:24,636 - log_app - INFO - log message num: 166
2021-10-02 23:53:24,937 - log_app - INFO - log message num: 167
2021-10-02 23:53:25,238 - log_app - INFO - log message num: 168
2021-10-02 23:53:25,539 - log_app - INFO - log message num: 169
2021-10-02 23:53:25,839 - log_app - INFO - log message num: 170
2021-10-02 23:53:26,140 - log_app - INFO - log message num: 171
2021-10-02 23:53:26,441 - log_app - INFO - log message num: 172
2021-10-02 23:53:26,742 - log_app - INFO - log message num: 173
2021-10-02 23:53:27,043 - log_app - INFO - log message num: 174
2021-10-02 23:53:27,344 - log_app - INFO - log message num: 175
2021-10-02 23:53:27,645 - log_app - INFO - log message num: 176
2021-10-02 23:53:27,946 - log_app - INFO - log message num: 177
2021-10-02 23:53:28,246 - log_app - INFO - log message num: 178
2021-10-02 23:53:28,547 - log_app - INFO - log message num: 179
2021-10-02 23:53:28,848 - log_app - INFO - log message num: 180
2021-10-02 23:53:29,149 - log_app - INFO - log message num: 181
2021-10-02 23:53:29,450 - log_app - INFO - log message num: 182
2021-10-02 23:53:29,751 - log_app - INFO - log message num: 183
2021-10-02 23:53:30,052 - log_app - INFO - log message num: 184
2021-10-02 23:53:30,353 - log_app - INFO - log message num: 185
2021-10-02 23:53:30,653 - log_app - INFO - log message num: 186
2021-10-02 23:53:30,954 - log_app - INFO - log message num: 187
2021-10-02 23:53:31,255 - log_app - INFO - log message num: 188
2021-10-02 23:53:31,556 - log_app - INFO - log message num: 189
2021-10-02 23:53:31,857 - log_app - INFO - log message num: 190
2021-10-02 23:53:32,158 - log_app - INFO - log message num: 191
2021-10-02 23:53:32,459 - log_app - INFO - log message num: 192
2021-10-02 23:53:32,759 - log_app - INFO - log message num: 193
2021-10-02 23:53:33,060 - log_app - INFO - log message num: 194
2021-10-02 23:53:33,361 - log_app - INFO - log message num: 195
2021-10-02 23:53:33,662 - log_app - INFO - log message num: 196
2021-10-02 23:53:33,963 - log_app - INFO - log message num: 197
2021-10-02 23:53:34,264 - log_app - INFO - log message num: 198
2021-10-02 23:53:34,565 - log_app - INFO - log message num: 199
2021-10-02 23:53:34,866 - log_app - INFO - log message num: 200
2021-10-02 23:53:35,167 - log_app - INFO - log message num: 201
2021-10-02 23:53:35,467 - log_app - INFO - log message num: 202
2021-10-02 23:53:35,768 - log_app - INFO - log message num: 203
2021-10-02 23:53:36,069 - log_app - INFO - log message num: 204
2021-10-02 23:53:36,370 - log_app - INFO - log message num: 205
2021-10-02 23:53:36,671 - log_app - INFO - log message num: 206
2021-10-02 23:53:36,972 - log_app - INFO - log message num: 207
2021-10-02 23:53:37,273 - log_app - INFO - log message num: 208
2021-10-02 23:53:37,574 - log_app - INFO - log message num: 209
2021-10-02 23:53:37,875 - log_app - INFO - log message num: 210
2021-10-02 23:53:38,176 - log_app - INFO - log message num: 211
2021-10-02 23:53:38,476 - log_app - INFO - log message num: 212
2021-10-02 23:53:38,777 - log_app - INFO - log message num: 213
2021-10-02 23:53:39,078 - log_app - INFO - log message num: 214
2021-10-02 23:53:39,379 - log_app - INFO - log message num: 215
2021-10-02 23:53:39,680 - log_app - INFO - log message num: 216
2021-10-02 23:53:39,981 - log_app - INFO - log message num: 217
2021-10-02 23:53:40,282 - log_app - INFO - log message num: 218
2021-10-02 23:53:40,583 - log_app - INFO - log message num: 219
2021-10-02 23:53:40,884 - log_app - INFO - log message num: 220
2021-10-02 23:53:41,184 - log_app - INFO - log message num: 221
2021-10-02 23:53:41,485 - log_app - INFO - log message num: 222
2021-10-02 23:53:41,786 - log_app - INFO - log message num: 223
2021-10-02 23:53:42,087 - log_app - INFO - log message num: 224
2021-10-02 23:53:42,388 - log_app - INFO - log message num: 225
2021-10-02 23:53:42,689 - log_app - INFO - log message num: 226
2021-10-02 23:53:42,990 - log_app - INFO - log message num: 227
2021-10-02 23:53:43,291 - log_app - INFO - log message num: 228
2021-10-02 23:53:43,592 - log_app - INFO - log message num: 229
2021-10-02 23:53:43,892 - log_app - INFO - log message num: 230
2021-10-02 23:53:44,193 - log_app - INFO - log message num: 231
2021-10-02 23:53:44,494 - log_app - INFO - log message num: 232
2021-10-02 23:53:44,795 - log_app - INFO - log message num: 233
2021-10-02 23:53:45,096 - log_app - INFO - log message num: 234
2021-10-02 23:53:45,397 - log_app - INFO - log message num: 235
2021-10-02 23:53:45,698 - log_app - INFO - log message num: 236
2021-10-02 23:53:45,999 - log_app - INFO - log message num: 237
2021-10-02 23:53:46,299 - log_app - INFO - log message num: 238
2021-10-02 23:53:46,600 - log_app - INFO - log message num: 239
2021-10-02 23:53:46,901 - log_app - INFO - log message num: 240
2021-10-02 23:53:47,202 - log_app - INFO - log message num: 241
2021-10-02 23:53:47,503 - log_app - INFO - log message num: 242
2021-10-02 23:53:47,804 - log_app - INFO - log message num: 243
2021-10-02 23:53:48,104 - log_app - INFO - log message num: 244
2021-10-02 23:53:48,405 - log_app - INFO - log message num: 245
2021-10-02 23:53:48,706 - log_app - INFO - log message num: 246
2021-10-02 23:53:49,007 - log_app - INFO - log message num: 247
2021-10-02 23:53:49,308 - log_app - INFO - log message num: 248
2021-10-02 23:53:49,609 - log_app - INFO - log message num: 249
2021-10-02 23:53:49,910 - log_app - INFO - log message num: 250
2021-10-02 23:53:50,211 - log_app - INFO - log message num: 251
2021-10-02 23:53:50,511 - log_app - INFO - log message num: 252
2021-10-02 23:53:50,812 - log_app - INFO - log message num: 253
2021-10-02 23:53:51,113 - log_app - INFO - log message num: 254
2021-10-02 23:53:51,414 - log_app - INFO - log message num: 255
2021-10-02 23:53:51,715 - log_app - INFO - log message num: 256
2021-10-02 23:53:52,016 - log_app - INFO - log message num: 257
2021-10-02 23:53:52,317 - log_app - INFO - log message num: 258
2021-10-02 23:53:52,618 - log_app - INFO - log message num: 259
2021-10-02 23:53:52,919 - log_app - INFO - log message num: 260
2021-10-02 23:53:53,220 - log_app - INFO - log message num: 261
2021-10-02 23:53:53,521 - log_app - INFO - log message num: 262
2021-10-02 23:53:53,821 - log_app - INFO - log message num: 263
2021-10-02 23:53:54,123 - log_app - INFO - log message num: 264
2021-10-02 23:53:54,424 - log_app - INFO - log message num: 265
2021-10-02 23:53:54,725 - log_app - INFO - log message num: 266
2021-10-02 23:53:55,026 - log_app - INFO - log message num: 267
2021-10-02 23:53:55,327 - log_app - INFO - log message num: 268
2021-10-02 23:53:55,628 - log_app - INFO - log message num: 269
2021-10-02 23:53:55,929 - log_app - INFO - log message num: 270
2021-10-02 23:53:56,230 - log_app - INFO - log message num: 271
2021-10-02 23:53:56,531 - log_app - INFO - log message num: 272
2021-10-02 23:53:56,832 - log_app - INFO - log message num: 273
2021-10-02 23:53:57,132 - log_app - INFO - log message num: 274
2021-10-02 23:53:57,433 - log_app - INFO - log message num: 275
2021-10-02 23:53:57,734 - log_app - INFO - log message num: 276
2021-10-02 23:53:58,035 - log_app - INFO - log message num: 277
2021-10-02 23:53:58,336 - log_app - INFO - log message num: 278
2021-10-02 23:53:58,637 - log_app - INFO - log message num: 279
2021-10-02 23:53:58,938 - log_app - INFO - log message num: 280
2021-10-02 23:53:59,239 - log_app - INFO - log message num: 281
2021-10-02 23:53:59,540 - log_app - INFO - log message num: 282
2021-10-02 23:53:59,840 - log_app - INFO - log message num: 283
2021-10-02 23:54:00,141 - log_app - INFO - log message num: 284
2021-10-02 23:54:00,442 - log_app - INFO - log message num: 285
2021-10-02 23:54:00,743 - log_app - INFO - log message num: 286
2021-10-02 23:54:01,044 - log_app - INFO - log message num: 287
2021-10-02 23:54:01,345 - log_app - INFO - log message num: 288
2021-10-02 23:54:01,646 - log_app - INFO - log message num: 289
2021-10-02 23:54:01,947 - log_app - INFO - log message num: 290
2021-10-02 23:54:02,248 - log_app - INFO - log message num: 291
2021-10-02 23:54:02,549 - log_app - INFO - log message num: 292
2021-10-02 23:54:02,849 - log_app - INFO - log message num: 293
2021-10-02 23:54:03,150 - log_app - INFO - log message num: 294
2021-10-02 23:54:03,451 - log_app - INFO - log message num: 295
2021-10-02 23:54:03,752 - log_app - INFO - log message num: 296
2021-10-02 23:54:04,053 - log_app - INFO - log message num: 297
2021-10-02 23:54:04,354 - log_app - INFO - log message num: 298
2021-10-02 23:54:04,655 - log_app - INFO - log message num: 299
2021-10-02 23:54:04,955 - log_app - INFO - log message num: 300
2021-10-02 23:54:05,256 - log_app - INFO - log message num: 301
2021-10-02 23:54:05,557 - log_app - INFO - log message num: 302
2021-10-02 23:54:05,858 - log_app - INFO - log message num: 303
2021-10-02 23:54:06,159 - log_app - INFO - log message num: 304
2021-10-02 23:54:06,460 - log_app - INFO - log message num: 305
2021-10-02 23:54:06,761 - log_app - INFO - log message num: 306
2021-10-02 23:54:07,062 - log_app - INFO - log message num: 307
2021-10-02 23:54:07,363 - log_app - INFO - log message num: 308
2021-10-02 23:54:07,663 - log_app - INFO - log message num: 309
2021-10-02 23:54:07,964 - log_app - INFO - log message num: 310
2021-10-02 23:54:08,265 - log_app - INFO - log message num: 311
2021-10-02 23:54:08,566 - log_app - INFO - log message num: 312
2021-10-02 23:54:08,867 - log_app - INFO - log message num: 313
2021-10-02 23:54:09,168 - log_app - INFO - log message num: 314
2021-10-02 23:54:09,469 - log_app - INFO - log message num: 315
2021-10-02 23:54:09,770 - log_app - INFO - log message num: 316
2021-10-02 23:54:10,070 - log_app - INFO - log message num: 317
2021-10-02 23:54:10,371 - log_app - INFO - log message num: 318
2021-10-02 23:54:10,672 - log_app - INFO - log message num: 319
2021-10-02 23:54:10,973 - log_app - INFO - log message num: 320
2021-10-02 23:54:11,274 - log_app - INFO - log message num: 321
2021-10-02 23:54:11,575 - log_app - INFO - log message num: 322
2021-10-02 23:54:11,876 - log_app - INFO - log message num: 323
2021-10-02 23:54:12,177 - log_app - INFO - log message num: 324
2021-10-02 23:54:12,478 - log_app - INFO - log message num: 325
2021-10-02 23:54:12,779 - log_app - INFO - log message num: 326
2021-10-02 23:54:13,079 - log_app - INFO - log message num: 327
2021-10-02 23:54:13,380 - log_app - INFO - log message num: 328
2021-10-02 23:54:13,681 - log_app - INFO - log message num: 329
2021-10-02 23:54:13,982 - log_app - INFO - log message num: 330
2021-10-02 23:54:14,283 - log_app - INFO - log message num: 331
2021-10-02 23:54:14,584 - log_app - INFO - log message num: 332
2021-10-02 23:54:14,885 - log_app - INFO - log message num: 333
2021-10-02 23:54:15,186 - log_app - INFO - log message num: 334
2021-10-02 23:54:15,487 - log_app - INFO - log message num: 335
2021-10-02 23:54:15,788 - log_app - INFO - log message num: 336
2021-10-02 23:54:16,089 - log_app - INFO - log message num: 337
2021-10-02 23:54:16,390 - log_app - INFO - log message num: 338
2021-10-02 23:54:16,690 - log_app - INFO - log message num: 339
2021-10-02 23:54:16,991 - log_app - INFO - log message num: 340
2021-10-02 23:54:17,292 - log_app - INFO - log message num: 341
2021-10-02 23:54:17,593 - log_app - INFO - log message num: 342
2021-10-02 23:54:17,894 - log_app - INFO - log message num: 343
2021-10-02 23:54:18,195 - log_app - INFO - log message num: 344
2021-10-02 23:54:18,496 - log_app - INFO - log message num: 345
2021-10-02 23:54:18,797 - log_app - INFO - log message num: 346
2021-10-02 23:54:19,098 - log_app - INFO - log message num: 347
2021-10-02 23:54:19,399 - log_app - INFO - log message num: 348
2021-10-02 23:54:19,699 - log_app - INFO - log message num: 349
2021-10-02 23:54:20,000 - log_app - INFO - log message num: 350
2021-10-02 23:54:20,301 - log_app - INFO - log message num: 351
2021-10-02 23:54:20,602 - log_app - INFO - log message num: 352
2021-10-02 23:54:20,903 - log_app - INFO - log message num: 353
2021-10-02 23:54:21,204 - log_app - INFO - log message num: 354
2021-10-02 23:54:21,505 - log_app - INFO - log message num: 355
2021-10-02 23:54:21,806 - log_app - INFO - log message num: 356
2021-10-02 23:54:22,106 - log_app - INFO - log message num: 357
2021-10-02 23:54:22,407 - log_app - INFO - log message num: 358
2021-10-02 23:54:22,708 - log_app - INFO - log message num: 359
2021-10-02 23:54:23,009 - log_app - INFO - log message num: 360
2021-10-02 23:54:23,310 - log_app - INFO - log message num: 361
2021-10-02 23:54:23,611 - log_app - INFO - log message num: 362
2021-10-02 23:54:23,912 - log_app - INFO - log message num: 363
2021-10-02 23:54:24,213 - log_app - INFO - log message num: 364
2021-10-02 23:54:24,513 - log_app - INFO - log message num: 365
2021-10-02 23:54:24,814 - log_app - INFO - log message num: 366
2021-10-02 23:54:25,115 - log_app - INFO - log message num: 367
2021-10-02 23:54:25,416 - log_app - INFO - log message num: 368
2021-10-02 23:54:25,717 - log_app - INFO - log message num: 369
2021-10-02 23:54:26,018 - log_app - INFO - log message num: 370
2021-10-02 23:54:26,319 - log_app - INFO - log message num: 371
2021-10-02 23:54:26,620 - log_app - INFO - log message num: 372
2021-10-02 23:54:26,921 - log_app - INFO - log message num: 373
2021-10-02 23:54:27,222 - log_app - INFO - log message num: 374
2021-10-02 23:54:27,523 - log_app - INFO - log message num: 375
2021-10-02 23:54:27,823 - log_app - INFO - log message num: 376
2021-10-02 23:54:28,124 - log_app - INFO - log message num: 377
2021-10-02 23:54:28,425 - log_app - INFO - log message num: 378
2021-10-02 23:54:28,726 - log_app - INFO - log message num: 379
2021-10-02 23:54:29,027 - log_app - INFO - log message num: 380
2021-10-02 23:54:29,328 - log_app - INFO - log message num: 381
2021-10-02 23:54:29,629 - log_app - INFO - log message num: 382
2021-10-02 23:54:29,930 - log_app - INFO - log message num: 383
2021-10-02 23:54:30,230 - log_app - INFO - log message num: 384
2021-10-02 23:54:30,531 - log_app - INFO - log message num: 385
2021-10-02 23:54:30,832 - log_app - INFO - log message num: 386
2021-10-02 23:54:31,133 - log_app - INFO - log message num: 387
2021-10-02 23:54:31,434 - log_app - INFO - log message num: 388
2021-10-02 23:54:31,735 - log_app - INFO - log message num: 389
2021-10-02 23:54:32,035 - log_app - INFO - log message num: 390
2021-10-02 23:54:32,336 - log_app - INFO - log message num: 391
2021-10-02 23:54:32,637 - log_app - INFO - log message num: 392
2021-10-02 23:54:32,938 - log_app - INFO - log message num: 393
2021-10-02 23:54:33,238 - log_app - INFO - log message num: 394
2021-10-02 23:54:33,539 - log_app - INFO - log message num: 395
2021-10-02 23:54:33,840 - log_app - INFO - log message num: 396
2021-10-02 23:54:34,141 - log_app - INFO - log message num: 397
2021-10-02 23:54:34,442 - log_app - INFO - log message num: 398
2021-10-02 23:54:34,743 - log_app - INFO - log message num: 399
2021-10-02 23:54:35,044 - log_app - INFO - log message num: 400
2021-10-02 23:54:35,344 - log_app - INFO - log message num: 401
2021-10-02 23:54:35,645 - log_app - INFO - log message num: 402
2021-10-02 23:54:35,946 - log_app - INFO - log message num: 403
2021-10-02 23:54:36,247 - log_app - INFO - log message num: 404
2021-10-02 23:54:36,548 - log_app - INFO - log message num: 405
2021-10-02 23:54:36,849 - log_app - INFO - log message num: 406
2021-10-02 23:54:37,150 - log_app - INFO - log message num: 407
2021-10-02 23:54:37,451 - log_app - INFO - log message num: 408
2021-10-02 23:54:37,752 - log_app - INFO - log message num: 409
2021-10-02 23:54:38,053 - log_app - INFO - log message num: 410
2021-10-02 23:54:38,353 - log_app - INFO - log message num: 411
2021-10-02 23:54:38,654 - log_app - INFO - log message num: 412
2021-10-02 23:54:38,955 - log_app - INFO - log message num: 413
2021-10-02 23:54:39,256 - log_app - INFO - log message num: 414
2021-10-02 23:54:39,557 - log_app - INFO - log message num: 415
2021-10-02 23:54:39,858 - log_app - INFO - log message num: 416
2021-10-02 23:54:40,159 - log_app - INFO - log message num: 417
2021-10-02 23:54:40,460 - log_app - INFO - log message num: 418
2021-10-02 23:54:40,760 - log_app - INFO - log message num: 419
2021-10-02 23:54:41,061 - log_app - INFO - log message num: 420
2021-10-02 23:54:41,362 - log_app - INFO - log message num: 421
2021-10-02 23:54:41,663 - log_app - INFO - log message num: 422
2021-10-02 23:54:41,964 - log_app - INFO - log message num: 423
2021-10-02 23:54:42,265 - log_app - INFO - log message num: 424
2021-10-02 23:54:42,566 - log_app - INFO - log message num: 425
2021-10-02 23:54:42,866 - log_app - INFO - log message num: 426
2021-10-02 23:54:43,167 - log_app - INFO - log message num: 427
2021-10-02 23:54:43,468 - log_app - INFO - log message num: 428
2021-10-02 23:54:43,769 - log_app - INFO - log message num: 429
2021-10-02 23:54:44,070 - log_app - INFO - log message num: 430
2021-10-02 23:54:44,371 - log_app - INFO - log message num: 431
2021-10-02 23:54:44,672 - log_app - INFO - log message num: 432
2021-10-02 23:54:44,972 - log_app - INFO - log message num: 433
2021-10-02 23:54:45,273 - log_app - INFO - log message num: 434
2021-10-02 23:54:45,574 - log_app - INFO - log message num: 435
2021-10-02 23:54:45,874 - log_app - INFO - log message num: 436
2021-10-02 23:54:46,175 - log_app - INFO - log message num: 437
2021-10-02 23:54:46,476 - log_app - INFO - log message num: 438
2021-10-02 23:54:46,776 - log_app - INFO - log message num: 439
2021-10-02 23:54:47,077 - log_app - INFO - log message num: 440
2021-10-02 23:54:47,378 - log_app - INFO - log message num: 441
2021-10-02 23:54:47,679 - log_app - INFO - log message num: 442
2021-10-02 23:54:47,980 - log_app - INFO - log message num: 443
2021-10-02 23:54:48,280 - log_app - INFO - log message num: 444
2021-10-02 23:54:48,581 - log_app - INFO - log message num: 445
2021-10-02 23:54:48,882 - log_app - INFO - log message num: 446
2021-10-02 23:54:49,183 - log_app - INFO - log message num: 447
2021-10-02 23:54:49,484 - log_app - INFO - log message num: 448
2021-10-02 23:54:49,785 - log_app - INFO - log message num: 449
2021-10-02 23:54:50,085 - log_app - INFO - log message num: 450
2021-10-02 23:54:50,386 - log_app - INFO - log message num: 451
2021-10-02 23:54:50,687 - log_app - INFO - log message num: 452
2021-10-02 23:54:50,988 - log_app - INFO - log message num: 453
2021-10-02 23:54:51,289 - log_app - INFO - log message num: 454
2021-10-02 23:54:51,590 - log_app - INFO - log message num: 455
2021-10-02 23:54:51,890 - log_app - INFO - log message num: 456
2021-10-02 23:54:52,191 - log_app - INFO - log message num: 457
2021-10-02 23:54:52,492 - log_app - INFO - log message num: 458
2021-10-02 23:54:52,793 - log_app - INFO - log message num: 459
2021-10-02 23:54:53,094 - log_app - INFO - log message num: 460
2021-10-02 23:54:53,395 - log_app - INFO - log message num: 461
2021-10-02 23:54:53,696 - log_app - INFO - log message num: 462
2021-10-02 23:54:53,997 - log_app - INFO - log message num: 463
2021-10-02 23:54:54,298 - log_app - INFO - log message num: 464
2021-10-02 23:54:54,599 - log_app - INFO - log message num: 465
2021-10-02 23:54:54,899 - log_app - INFO - log message num: 466
2021-10-02 23:54:55,200 - log_app - INFO - log message num: 467
2021-10-02 23:54:55,501 - log_app - INFO - log message num: 468
2021-10-02 23:54:55,802 - log_app - INFO - log message num: 469
2021-10-02 23:54:56,103 - log_app - INFO - log message num: 470
2021-10-02 23:54:56,404 - log_app - INFO - log message num: 471
2021-10-02 23:54:56,704 - log_app - INFO - log message num: 472
2021-10-02 23:54:57,005 - log_app - INFO - log message num: 473
2021-10-02 23:54:57,306 - log_app - INFO - log message num: 474
2021-10-02 23:54:57,607 - log_app - INFO - log message num: 475
2021-10-02 23:54:57,908 - log_app - INFO - log message num: 476
2021-10-02 23:54:58,209 - log_app - INFO - log message num: 477
2021-10-02 23:54:58,510 - log_app - INFO - log message num: 478
2021-10-02 23:54:58,811 - log_app - INFO - log message num: 479
2021-10-02 23:54:59,112 - log_app - INFO - log message num: 480
2021-10-02 23:54:59,413 - log_app - INFO - log message num: 481
2021-10-02 23:54:59,714 - log_app - INFO - log message num: 482
2021-10-02 23:55:00,014 - log_app - INFO - log message num: 483
2021-10-02 23:55:00,315 - log_app - INFO - log message num: 484
2021-10-02 23:55:00,616 - log_app - INFO - log message num: 485
2021-10-02 23:55:00,917 - log_app - INFO - log message num: 486
2021-10-02 23:55:01,218 - log_app - INFO - log message num: 487
2021-10-02 23:55:01,519 - log_app - INFO - log message num: 488
2021-10-02 23:55:01,820 - log_app - INFO - log message num: 489
2021-10-02 23:55:02,121 - log_app - INFO - log message num: 490
2021-10-02 23:55:02,422 - log_app - INFO - log message num: 491
2021-10-02 23:55:02,723 - log_app - INFO - log message num: 492
2021-10-02 23:55:03,023 - log_app - INFO - log message num: 493
2021-10-02 23:55:03,324 - log_app - INFO - log message num: 494
2021-10-02 23:55:03,625 - log_app - INFO - log message num: 495
2021-10-02 23:55:03,926 - log_app - INFO - log message num: 496
2021-10-02 23:55:04,227 - log_app - INFO - log message num: 497
2021-10-02 23:55:04,528 - log_app - INFO - log message num: 498
2021-10-02 23:55:04,829 - log_app - INFO - log message num: 499
2021-10-02 23:55:05,129 - log_app - INFO - log message num: 500
2021-10-02 23:55:05,430 - log_app - INFO - log message num: 501
2021-10-02 23:55:05,731 - log_app - INFO - log message num: 502
2021-10-02 23:55:06,032 - log_app - INFO - log message num: 503
2021-10-02 23:55:06,333 - log_app - INFO - log message num: 504
2021-10-02 23:55:06,634 - log_app - INFO - log message num: 505
2021-10-02 23:55:06,935 - log_app - INFO - log message num: 506
2021-10-02 23:55:07,236 - log_app - INFO - log message num: 507
2021-10-02 23:55:07,537 - log_app - INFO - log message num: 508
2021-10-02 23:55:07,838 - log_app - INFO - log message num: 509
2021-10-02 23:55:08,139 - log_app - INFO - log message num: 510
2021-10-02 23:55:08,439 - log_app - INFO - log message num: 511
2021-10-02 23:55:08,740 - log_app - INFO - log message num: 512
2021-10-02 23:55:09,041 - log_app - INFO - log message num: 513
2021-10-02 23:55:09,342 - log_app - INFO - log message num: 514
2021-10-02 23:55:09,643 - log_app - INFO - log message num: 515
2021-10-02 23:55:09,944 - log_app - INFO - log message num: 516
2021-10-02 23:55:10,245 - log_app - INFO - log message num: 517
2021-10-02 23:55:10,546 - log_app - INFO - log message num: 518
2021-10-02 23:55:10,846 - log_app - INFO - log message num: 519
2021-10-02 23:55:11,147 - log_app - INFO - log message num: 520
2021-10-02 23:55:11,448 - log_app - INFO - log message num: 521
2021-10-02 23:55:11,749 - log_app - INFO - log message num: 522
2021-10-02 23:55:12,050 - log_app - INFO - log message num: 523
2021-10-02 23:55:12,351 - log_app - INFO - log message num: 524
2021-10-02 23:55:12,652 - log_app - INFO - log message num: 525
2021-10-02 23:55:12,953 - log_app - INFO - log message num: 526
2021-10-02 23:55:13,254 - log_app - INFO - log message num: 527
2021-10-02 23:55:13,555 - log_app - INFO - log message num: 528
2021-10-02 23:55:13,856 - log_app - INFO - log message num: 529
2021-10-02 23:55:14,157 - log_app - INFO - log message num: 530
2021-10-02 23:55:14,458 - log_app - INFO - log message num: 531
2021-10-02 23:55:14,758 - log_app - INFO - log message num: 532
2021-10-02 23:55:15,059 - log_app - INFO - log message num: 533
2021-10-02 23:55:15,360 - log_app - INFO - log message num: 534
2021-10-02 23:55:15,661 - log_app - INFO - log message num: 535
2021-10-02 23:55:15,962 - log_app - INFO - log message num: 536
2021-10-02 23:55:16,263 - log_app - INFO - log message num: 537
2021-10-02 23:55:16,564 - log_app - INFO - log message num: 538
2021-10-02 23:55:16,865 - log_app - INFO - log message num: 539
2021-10-02 23:55:17,166 - log_app - INFO - log message num: 540
2021-10-02 23:55:17,467 - log_app - INFO - log message num: 541
2021-10-02 23:55:17,768 - log_app - INFO - log message num: 542
2021-10-02 23:55:18,068 - log_app - INFO - log message num: 543
2021-10-02 23:55:18,369 - log_app - INFO - log message num: 544
2021-10-02 23:55:18,670 - log_app - INFO - log message num: 545
2021-10-02 23:55:18,971 - log_app - INFO - log message num: 546
2021-10-02 23:55:19,272 - log_app - INFO - log message num: 547
2021-10-02 23:55:19,573 - log_app - INFO - log message num: 548
2021-10-02 23:55:19,874 - log_app - INFO - log message num: 549
2021-10-02 23:55:20,175 - log_app - INFO - log message num: 550
2021-10-02 23:55:20,476 - log_app - INFO - log message num: 551
2021-10-02 23:55:20,777 - log_app - INFO - log message num: 552
2021-10-02 23:55:21,078 - log_app - INFO - log message num: 553
2021-10-02 23:55:21,378 - log_app - INFO - log message num: 554
2021-10-02 23:55:21,679 - log_app - INFO - log message num: 555
2021-10-02 23:55:21,980 - log_app - INFO - log message num: 556
2021-10-02 23:55:22,281 - log_app - INFO - log message num: 557
2021-10-02 23:55:22,581 - log_app - INFO - log message num: 558
2021-10-02 23:55:22,882 - log_app - INFO - log message num: 559
2021-10-02 23:55:23,183 - log_app - INFO - log message num: 560
2021-10-02 23:55:23,484 - log_app - INFO - log message num: 561
2021-10-02 23:55:23,785 - log_app - INFO - log message num: 562
2021-10-02 23:55:24,086 - log_app - INFO - log message num: 563
2021-10-02 23:55:24,387 - log_app - INFO - log message num: 564
2021-10-02 23:55:24,688 - log_app - INFO - log message num: 565
2021-10-02 23:55:24,989 - log_app - INFO - log message num: 566
2021-10-02 23:55:25,290 - log_app - INFO - log message num: 567
2021-10-02 23:55:25,590 - log_app - INFO - log message num: 568
2021-10-02 23:55:25,891 - log_app - INFO - log message num: 569
2021-10-02 23:55:26,192 - log_app - INFO - log message num: 570
2021-10-02 23:55:26,493 - log_app - INFO - log message num: 571
2021-10-02 23:55:26,794 - log_app - INFO - log message num: 572
2021-10-02 23:55:27,095 - log_app - INFO - log message num: 573
2021-10-02 23:55:27,396 - log_app - INFO - log message num: 574
2021-10-02 23:55:27,697 - log_app - INFO - log message num: 575
2021-10-02 23:55:27,997 - log_app - INFO - log message num: 576
2021-10-02 23:55:28,298 - log_app - INFO - log message num: 577
2021-10-02 23:55:28,599 - log_app - INFO - log message num: 578
2021-10-02 23:55:28,900 - log_app - INFO - log message num: 579
2021-10-02 23:55:29,201 - log_app - INFO - log message num: 580
2021-10-02 23:55:29,502 - log_app - INFO - log message num: 581
2021-10-02 23:55:29,803 - log_app - INFO - log message num: 582
2021-10-02 23:55:30,104 - log_app - INFO - log message num: 583
2021-10-02 23:55:30,405 - log_app - INFO - log message num: 584
2021-10-02 23:55:30,706 - log_app - INFO - log message num: 585
2021-10-02 23:55:31,007 - log_app - INFO - log message num: 586
2021-10-02 23:55:31,308 - log_app - INFO - log message num: 587
2021-10-02 23:55:31,609 - log_app - INFO - log message num: 588
2021-10-02 23:55:31,909 - log_app - INFO - log message num: 589
2021-10-02 23:55:32,210 - log_app - INFO - log message num: 590
2021-10-02 23:55:32,511 - log_app - INFO - log message num: 591
2021-10-02 23:55:32,812 - log_app - INFO - log message num: 592
2021-10-02 23:55:33,113 - log_app - INFO - log message num: 593
2021-10-02 23:55:33,414 - log_app - INFO - log message num: 594
2021-10-02 23:55:33,715 - log_app - INFO - log message num: 595
2021-10-02 23:55:34,016 - log_app - INFO - log message num: 596
2021-10-02 23:55:34,317 - log_app - INFO - log message num: 597
2021-10-02 23:55:34,618 - log_app - INFO - log message num: 598
2021-10-02 23:55:34,918 - log_app - INFO - log message num: 599
2021-10-02 23:55:35,219 - log_app - INFO - log message num: 600
2021-10-02 23:55:35,520 - log_app - INFO - log message num: 601
2021-10-02 23:55:35,821 - log_app - INFO - log message num: 602
2021-10-02 23:55:36,122 - log_app - INFO - log message num: 603
2021-10-02 23:55:36,423 - log_app - INFO - log message num: 604
2021-10-02 23:55:36,724 - log_app - INFO - log message num: 605
2021-10-02 23:55:37,025 - log_app - INFO - log message num: 606
2021-10-02 23:55:37,326 - log_app - INFO - log message num: 607
2021-10-02 23:55:37,627 - log_app - INFO - log message num: 608
2021-10-02 23:55:37,927 - log_app - INFO - log message num: 609
2021-10-02 23:55:38,228 - log_app - INFO - log message num: 610
2021-10-02 23:55:38,529 - log_app - INFO - log message num: 611
2021-10-02 23:55:38,830 - log_app - INFO - log message num: 612
2021-10-02 23:55:39,131 - log_app - INFO - log message num: 613
2021-10-02 23:55:39,432 - log_app - INFO - log message num: 614
2021-10-02 23:55:39,733 - log_app - INFO - log message num: 615
2021-10-02 23:55:40,034 - log_app - INFO - log message num: 616
2021-10-02 23:55:40,334 - log_app - INFO - log message num: 617
2021-10-02 23:55:40,635 - log_app - INFO - log message num: 618
2021-10-02 23:55:40,936 - log_app - INFO - log message num: 619
2021-10-02 23:55:41,237 - log_app - INFO - log message num: 620
2021-10-02 23:55:41,538 - log_app - INFO - log message num: 621
2021-10-02 23:55:41,839 - log_app - INFO - log message num: 622
2021-10-02 23:55:42,140 - log_app - INFO - log message num: 623
2021-10-02 23:55:42,441 - log_app - INFO - log message num: 624
2021-10-02 23:55:42,742 - log_app - INFO - log message num: 625
2021-10-02 23:55:43,042 - log_app - INFO - log message num: 626
2021-10-02 23:55:43,343 - log_app - INFO - log message num: 627
2021-10-02 23:55:43,644 - log_app - INFO - log message num: 628
2021-10-02 23:55:43,945 - log_app - INFO - log message num: 629
2021-10-02 23:55:44,246 - log_app - INFO - log message num: 630
2021-10-02 23:55:44,547 - log_app - INFO - log message num: 631
2021-10-02 23:55:44,848 - log_app - INFO - log message num: 632
2021-10-02 23:55:45,149 - log_app - INFO - log message num: 633
2021-10-02 23:55:45,450 - log_app - INFO - log message num: 634
2021-10-02 23:55:45,751 - log_app - INFO - log message num: 635
2021-10-02 23:55:46,051 - log_app - INFO - log message num: 636
2021-10-02 23:55:46,352 - log_app - INFO - log message num: 637
2021-10-02 23:55:46,653 - log_app - INFO - log message num: 638
2021-10-02 23:55:46,954 - log_app - INFO - log message num: 639
2021-10-02 23:55:47,255 - log_app - INFO - log message num: 640
2021-10-02 23:55:47,556 - log_app - INFO - log message num: 641
2021-10-02 23:55:47,857 - log_app - INFO - log message num: 642
2021-10-02 23:55:48,157 - log_app - INFO - log message num: 643
2021-10-02 23:55:48,458 - log_app - INFO - log message num: 644
2021-10-02 23:55:48,759 - log_app - INFO - log message num: 645
2021-10-02 23:55:49,060 - log_app - INFO - log message num: 646
2021-10-02 23:55:49,361 - log_app - INFO - log message num: 647
2021-10-02 23:55:49,662 - log_app - INFO - log message num: 648
2021-10-02 23:55:49,963 - log_app - INFO - log message num: 649
2021-10-02 23:55:50,264 - log_app - INFO - log message num: 650
2021-10-02 23:55:50,565 - log_app - INFO - log message num: 651
2021-10-02 23:55:50,866 - log_app - INFO - log message num: 652
2021-10-02 23:55:51,167 - log_app - INFO - log message num: 653
2021-10-02 23:55:51,467 - log_app - INFO - log message num: 654
2021-10-02 23:55:51,768 - log_app - INFO - log message num: 655
2021-10-02 23:55:52,069 - log_app - INFO - log message num: 656
2021-10-02 23:55:52,370 - log_app - INFO - log message num: 657
2021-10-02 23:55:52,671 - log_app - INFO - log message num: 658
2021-10-02 23:55:52,972 - log_app - INFO - log message num: 659
2021-10-02 23:55:53,273 - log_app - INFO - log message num: 660
2021-10-02 23:55:53,574 - log_app - INFO - log message num: 661
2021-10-02 23:55:53,875 - log_app - INFO - log message num: 662
2021-10-02 23:55:54,176 - log_app - INFO - log message num: 663
2021-10-02 23:55:54,477 - log_app - INFO - log message num: 664
2021-10-02 23:55:54,777 - log_app - INFO - log message num: 665
2021-10-02 23:55:55,078 - log_app - INFO - log message num: 666
2021-10-02 23:55:55,379 - log_app - INFO - log message num: 667
2021-10-02 23:55:55,680 - log_app - INFO - log message num: 668
2021-10-02 23:55:55,981 - log_app - INFO - log message num: 669
2021-10-02 23:55:56,282 - log_app - INFO - log message num: 670
2021-10-02 23:55:56,583 - log_app - INFO - log message num: 671
2021-10-02 23:55:56,884 - log_app - INFO - log message num: 672
2021-10-02 23:55:57,185 - log_app - INFO - log message num: 673
2021-10-02 23:55:57,486 - log_app - INFO - log message num: 674
2021-10-02 23:55:57,787 - log_app - INFO - log message num: 675
2021-10-02 23:55:58,088 - log_app - INFO - log message num: 676
2021-10-02 23:55:58,389 - log_app - INFO - log message num: 677
2021-10-02 23:55:58,689 - log_app - INFO - log message num: 678
2021-10-02 23:55:58,990 - log_app - INFO - log message num: 679
2021-10-02 23:55:59,291 - log_app - INFO - log message num: 680
2021-10-02 23:55:59,592 - log_app - INFO - log message num: 681
2021-10-02 23:55:59,893 - log_app - INFO - log message num: 682
2021-10-02 23:56:00,194 - log_app - INFO - log message num: 683
2021-10-02 23:56:00,495 - log_app - INFO - log message num: 684
2021-10-02 23:56:00,796 - log_app - INFO - log message num: 685
2021-10-02 23:56:01,096 - log_app - INFO - log message num: 686
2021-10-02 23:56:01,397 - log_app - INFO - log message num: 687
2021-10-02 23:56:01,698 - log_app - INFO - log message num: 688
2021-10-02 23:56:01,999 - log_app - INFO - log message num: 689
2021-10-02 23:56:02,300 - log_app - INFO - log message num: 690
2021-10-02 23:56:02,601 - log_app - INFO - log message num: 691
2021-10-02 23:56:02,902 - log_app - INFO - log message num: 692
2021-10-02 23:56:03,203 - log_app - INFO - log message num: 693
2021-10-02 23:56:03,504 - log_app - INFO - log message num: 694
2021-10-02 23:56:03,805 - log_app - INFO - log message num: 695
2021-10-02 23:56:04,106 - log_app - INFO - log message num: 696
2021-10-02 23:56:04,406 - log_app - INFO - log message num: 697
2021-10-02 23:56:04,707 - log_app - INFO - log message num: 698
2021-10-02 23:56:05,008 - log_app - INFO - log message num: 699
2021-10-02 23:56:05,309 - log_app - INFO - log message num: 700
2021-10-02 23:56:05,610 - log_app - INFO - log message num: 701
2021-10-02 23:56:05,911 - log_app - INFO - log message num: 702
2021-10-02 23:56:06,212 - log_app - INFO - log message num: 703
2021-10-02 23:56:06,513 - log_app - INFO - log message num: 704
2021-10-02 23:56:06,814 - log_app - INFO - log message num: 705
2021-10-02 23:56:07,114 - log_app - INFO - log message num: 706
2021-10-02 23:56:07,415 - log_app - INFO - log message num: 707
2021-10-02 23:56:07,716 - log_app - INFO - log message num: 708
2021-10-02 23:56:08,018 - log_app - INFO - log message num: 709
2021-10-02 23:56:08,319 - log_app - INFO - log message num: 710
2021-10-02 23:56:08,620 - log_app - INFO - log message num: 711
2021-10-02 23:56:08,921 - log_app - INFO - log message num: 712
2021-10-02 23:56:09,221 - log_app - INFO - log message num: 713
2021-10-02 23:56:09,522 - log_app - INFO - log message num: 714
2021-10-02 23:56:09,823 - log_app - INFO - log message num: 715
2021-10-02 23:56:10,124 - log_app - INFO - log message num: 716
2021-10-02 23:56:10,425 - log_app - INFO - log message num: 717
2021-10-02 23:56:10,726 - log_app - INFO - log message num: 718
2021-10-02 23:56:11,027 - log_app - INFO - log message num: 719
2021-10-02 23:56:11,328 - log_app - INFO - log message num: 720
2021-10-02 23:56:11,629 - log_app - INFO - log message num: 721
2021-10-02 23:56:11,930 - log_app - INFO - log message num: 722
2021-10-02 23:56:12,230 - log_app - INFO - log message num: 723
2021-10-02 23:56:12,531 - log_app - INFO - log message num: 724
2021-10-02 23:56:12,832 - log_app - INFO - log message num: 725
2021-10-02 23:56:13,133 - log_app - INFO - log message num: 726
2021-10-02 23:56:13,434 - log_app - INFO - log message num: 727
2021-10-02 23:56:13,735 - log_app - INFO - log message num: 728
2021-10-02 23:56:14,036 - log_app - INFO - log message num: 729
2021-10-02 23:56:14,337 - log_app - INFO - log message num: 730
2021-10-02 23:56:14,638 - log_app - INFO - log message num: 731
2021-10-02 23:56:14,939 - log_app - INFO - log message num: 732
2021-10-02 23:56:15,239 - log_app - INFO - log message num: 733
2021-10-02 23:56:15,540 - log_app - INFO - log message num: 734
2021-10-02 23:56:15,841 - log_app - INFO - log message num: 735
2021-10-02 23:56:16,142 - log_app - INFO - log message num: 736
2021-10-02 23:56:16,443 - log_app - INFO - log message num: 737
2021-10-02 23:56:16,744 - log_app - INFO - log message num: 738
2021-10-02 23:56:17,045 - log_app - INFO - log message num: 739
2021-10-02 23:56:17,346 - log_app - INFO - log message num: 740
2021-10-02 23:56:17,646 - log_app - INFO - log message num: 741
2021-10-02 23:56:17,947 - log_app - INFO - log message num: 742
2021-10-02 23:56:18,248 - log_app - INFO - log message num: 743
2021-10-02 23:56:18,549 - log_app - INFO - log message num: 744
2021-10-02 23:56:18,850 - log_app - INFO - log message num: 745
2021-10-02 23:56:19,151 - log_app - INFO - log message num: 746
2021-10-02 23:56:19,452 - log_app - INFO - log message num: 747
2021-10-02 23:56:19,753 - log_app - INFO - log message num: 748
2021-10-02 23:56:20,054 - log_app - INFO - log message num: 749
2021-10-02 23:56:20,355 - log_app - INFO - log message num: 750
2021-10-02 23:56:20,655 - log_app - INFO - log message num: 751
2021-10-02 23:56:20,956 - log_app - INFO - log message num: 752
2021-10-02 23:56:21,257 - log_app - INFO - log message num: 753
2021-10-02 23:56:21,558 - log_app - INFO - log message num: 754
2021-10-02 23:56:21,859 - log_app - INFO - log message num: 755
2021-10-02 23:56:22,160 - log_app - INFO - log message num: 756
2021-10-02 23:56:22,461 - log_app - INFO - log message num: 757
2021-10-02 23:56:22,762 - log_app - INFO - log message num: 758
2021-10-02 23:56:23,062 - log_app - INFO - log message num: 759
2021-10-02 23:56:23,363 - log_app - INFO - log message num: 760
2021-10-02 23:56:23,664 - log_app - INFO - log message num: 761
2021-10-02 23:56:23,965 - log_app - INFO - log message num: 762
2021-10-02 23:56:24,266 - log_app - INFO - log message num: 763
2021-10-02 23:56:24,567 - log_app - INFO - log message num: 764
2021-10-02 23:56:24,868 - log_app - INFO - log message num: 765
2021-10-02 23:56:25,169 - log_app - INFO - log message num: 766
2021-10-02 23:56:25,470 - log_app - INFO - log message num: 767
2021-10-02 23:56:25,771 - log_app - INFO - log message num: 768
2021-10-02 23:56:26,072 - log_app - INFO - log message num: 769
2021-10-02 23:56:26,373 - log_app - INFO - log message num: 770
2021-10-02 23:56:26,674 - log_app - INFO - log message num: 771
2021-10-02 23:56:26,974 - log_app - INFO - log message num: 772
2021-10-02 23:56:27,275 - log_app - INFO - log message num: 773
2021-10-02 23:56:27,576 - log_app - INFO - log message num: 774
2021-10-02 23:56:27,877 - log_app - INFO - log message num: 775
2021-10-02 23:56:28,178 - log_app - INFO - log message num: 776
2021-10-02 23:56:28,479 - log_app - INFO - log message num: 777
2021-10-02 23:56:28,780 - log_app - INFO - log message num: 778
2021-10-02 23:56:29,081 - log_app - INFO - log message num: 779
2021-10-02 23:56:29,382 - log_app - INFO - log message num: 780
2021-10-02 23:56:29,683 - log_app - INFO - log message num: 781
2021-10-02 23:56:29,984 - log_app - INFO - log message num: 782
2021-10-02 23:56:30,285 - log_app - INFO - log message num: 783
2021-10-02 23:56:30,586 - log_app - INFO - log message num: 784
2021-10-02 23:56:30,887 - log_app - INFO - log message num: 785
2021-10-02 23:56:31,187 - log_app - INFO - log message num: 786
2021-10-02 23:56:31,488 - log_app - INFO - log message num: 787
2021-10-02 23:56:31,789 - log_app - INFO - log message num: 788
2021-10-02 23:56:32,090 - log_app - INFO - log message num: 789
2021-10-02 23:56:32,391 - log_app - INFO - log message num: 790
2021-10-02 23:56:32,692 - log_app - INFO - log message num: 791
2021-10-02 23:56:32,993 - log_app - INFO - log message num: 792
2021-10-02 23:56:33,294 - log_app - INFO - log message num: 793
2021-10-02 23:56:33,595 - log_app - INFO - log message num: 794
2021-10-02 23:56:33,896 - log_app - INFO - log message num: 795
2021-10-02 23:56:34,197 - log_app - INFO - log message num: 796
2021-10-02 23:56:34,497 - log_app - INFO - log message num: 797
2021-10-02 23:56:34,798 - log_app - INFO - log message num: 798
2021-10-02 23:56:35,099 - log_app - INFO - log message num: 799
2021-10-02 23:56:35,400 - log_app - INFO - log message num: 800
2021-10-02 23:56:35,701 - log_app - INFO - log message num: 801
2021-10-02 23:56:36,002 - log_app - INFO - log message num: 802
2021-10-02 23:56:36,303 - log_app - INFO - log message num: 803
2021-10-02 23:56:36,604 - log_app - INFO - log message num: 804
2021-10-02 23:56:36,905 - log_app - INFO - log message num: 805
2021-10-02 23:56:37,206 - log_app - INFO - log message num: 806
2021-10-02 23:56:37,507 - log_app - INFO - log message num: 807
2021-10-02 23:56:37,808 - log_app - INFO - log message num: 808
2021-10-02 23:56:38,109 - log_app - INFO - log message num: 809
2021-10-02 23:56:38,410 - log_app - INFO - log message num: 810
2021-10-02 23:56:38,710 - log_app - INFO - log message num: 811
2021-10-02 23:56:39,011 - log_app - INFO - log message num: 812
2021-10-02 23:56:39,312 - log_app - INFO - log message num: 813
2021-10-02 23:56:39,613 - log_app - INFO - log message num: 814
2021-10-02 23:56:39,914 - log_app - INFO - log message num: 815
2021-10-02 23:56:40,215 - log_app - INFO - log message num: 816
2021-10-02 23:56:40,516 - log_app - INFO - log message num: 817
2021-10-02 23:56:40,817 - log_app - INFO - log message num: 818
2021-10-02 23:56:41,118 - log_app - INFO - log message num: 819
2021-10-02 23:56:41,419 - log_app - INFO - log message num: 820
2021-10-02 23:56:41,720 - log_app - INFO - log message num: 821
2021-10-02 23:56:42,021 - log_app - INFO - log message num: 822
2021-10-02 23:56:42,322 - log_app - INFO - log message num: 823
2021-10-02 23:56:42,623 - log_app - INFO - log message num: 824
2021-10-02 23:56:42,924 - log_app - INFO - log message num: 825
2021-10-02 23:56:43,224 - log_app - INFO - log message num: 826
2021-10-02 23:56:43,525 - log_app - INFO - log message num: 827
2021-10-02 23:56:43,826 - log_app - INFO - log message num: 828
2021-10-02 23:56:44,127 - log_app - INFO - log message num: 829
2021-10-02 23:56:44,428 - log_app - INFO - log message num: 830
2021-10-02 23:56:44,729 - log_app - INFO - log message num: 831
2021-10-02 23:56:45,030 - log_app - INFO - log message num: 832
2021-10-02 23:56:45,331 - log_app - INFO - log message num: 833
2021-10-02 23:56:45,632 - log_app - INFO - log message num: 834
2021-10-02 23:56:45,933 - log_app - INFO - log message num: 835
2021-10-02 23:56:46,234 - log_app - INFO - log message num: 836
2021-10-02 23:56:46,535 - log_app - INFO - log message num: 837
2021-10-02 23:56:46,836 - log_app - INFO - log message num: 838
2021-10-02 23:56:47,137 - log_app - INFO - log message num: 839
2021-10-02 23:56:47,438 - log_app - INFO - log message num: 840
2021-10-02 23:56:47,738 - log_app - INFO - log message num: 841
2021-10-02 23:56:48,039 - log_app - INFO - log message num: 842
2021-10-02 23:56:48,340 - log_app - INFO - log message num: 843
2021-10-02 23:56:48,641 - log_app - INFO - log message num: 844
2021-10-02 23:56:48,942 - log_app - INFO - log message num: 845
2021-10-02 23:56:49,243 - log_app - INFO - log message num: 846
2021-10-02 23:56:49,544 - log_app - INFO - log message num: 847
2021-10-02 23:56:49,845 - log_app - INFO - log message num: 848
2021-10-02 23:56:50,146 - log_app - INFO - log message num: 849
2021-10-02 23:56:50,447 - log_app - INFO - log message num: 850
2021-10-02 23:56:50,748 - log_app - INFO - log message num: 851
2021-10-02 23:56:51,048 - log_app - INFO - log message num: 852
2021-10-02 23:56:51,349 - log_app - INFO - log message num: 853
2021-10-02 23:56:51,650 - log_app - INFO - log message num: 854
2021-10-02 23:56:51,951 - log_app - INFO - log message num: 855
2021-10-02 23:56:52,252 - log_app - INFO - log message num: 856
2021-10-02 23:56:52,553 - log_app - INFO - log message num: 857
2021-10-02 23:56:52,854 - log_app - INFO - log message num: 858
2021-10-02 23:56:53,155 - log_app - INFO - log message num: 859
2021-10-02 23:56:53,456 - log_app - INFO - log message num: 860
2021-10-02 23:56:53,757 - log_app - INFO - log message num: 861
2021-10-02 23:56:54,058 - log_app - INFO - log message num: 862
2021-10-02 23:56:54,359 - log_app - INFO - log message num: 863
2021-10-02 23:56:54,660 - log_app - INFO - log message num: 864
2021-10-02 23:56:54,961 - log_app - INFO - log message num: 865
2021-10-02 23:56:55,262 - log_app - INFO - log message num: 866
2021-10-02 23:56:55,563 - log_app - INFO - log message num: 867
2021-10-02 23:56:55,864 - log_app - INFO - log message num: 868
2021-10-02 23:56:56,165 - log_app - INFO - log message num: 869
2021-10-02 23:56:56,466 - log_app - INFO - log message num: 870
2021-10-02 23:56:56,766 - log_app - INFO - log message num: 871
2021-10-02 23:56:57,067 - log_app - INFO - log message num: 872
2021-10-02 23:56:57,368 - log_app - INFO - log message num: 873
2021-10-02 23:56:57,669 - log_app - INFO - log message num: 874
2021-10-02 23:56:57,970 - log_app - INFO - log message num: 875
2021-10-02 23:56:58,271 - log_app - INFO - log message num: 876
2021-10-02 23:56:58,572 - log_app - INFO - log message num: 877
2021-10-02 23:56:58,873 - log_app - INFO - log message num: 878
2021-10-02 23:56:59,174 - log_app - INFO - log message num: 879
2021-10-02 23:56:59,475 - log_app - INFO - log message num: 880
2021-10-02 23:56:59,776 - log_app - INFO - log message num: 881
2021-10-02 23:57:00,077 - log_app - INFO - log message num: 882
2021-10-02 23:57:00,378 - log_app - INFO - log message num: 883
2021-10-02 23:57:00,679 - log_app - INFO - log message num: 884
2021-10-02 23:57:00,980 - log_app - INFO - log message num: 885
2021-10-02 23:57:01,281 - log_app - INFO - log message num: 886
2021-10-02 23:57:01,581 - log_app - INFO - log message num: 887
2021-10-02 23:57:01,882 - log_app - INFO - log message num: 888
2021-10-02 23:57:02,183 - log_app - INFO - log message num: 889
2021-10-02 23:57:02,484 - log_app - INFO - log message num: 890
2021-10-02 23:57:02,785 - log_app - INFO - log message num: 891
2021-10-02 23:57:03,086 - log_app - INFO - log message num: 892
2021-10-02 23:57:03,387 - log_app - INFO - log message num: 893
2021-10-02 23:57:03,688 - log_app - INFO - log message num: 894
2021-10-02 23:57:03,989 - log_app - INFO - log message num: 895
2021-10-02 23:57:04,290 - log_app - INFO - log message num: 896
2021-10-02 23:57:04,590 - log_app - INFO - log message num: 897
2021-10-02 23:57:04,891 - log_app - INFO - log message num: 898
2021-10-02 23:57:05,192 - log_app - INFO - log message num: 899
2021-10-02 23:57:05,494 - log_app - INFO - log message num: 900
2021-10-02 23:57:05,795 - log_app - INFO - log message num: 901
2021-10-02 23:57:06,096 - log_app - INFO - log message num: 902
2021-10-02 23:57:06,396 - log_app - INFO - log message num: 903
2021-10-02 23:57:06,697 - log_app - INFO - log message num: 904
2021-10-02 23:57:06,998 - log_app - INFO - log message num: 905
2021-10-02 23:57:07,299 - log_app - INFO - log message num: 906
2021-10-02 23:57:07,600 - log_app - INFO - log message num: 907
2021-10-02 23:57:07,901 - log_app - INFO - log message num: 908
2021-10-02 23:57:08,202 - log_app - INFO - log message num: 909
2021-10-02 23:57:08,503 - log_app - INFO - log message num: 910
2021-10-02 23:57:08,803 - log_app - INFO - log message num: 911
2021-10-02 23:57:09,104 - log_app - INFO - log message num: 912
2021-10-02 23:57:09,405 - log_app - INFO - log message num: 913
2021-10-02 23:57:09,706 - log_app - INFO - log message num: 914
2021-10-02 23:57:10,007 - log_app - INFO - log message num: 915
2021-10-02 23:57:10,308 - log_app - INFO - log message num: 916
2021-10-02 23:57:10,609 - log_app - INFO - log message num: 917
2021-10-02 23:57:10,910 - log_app - INFO - log message num: 918
2021-10-02 23:57:11,211 - log_app - INFO - log message num: 919
2021-10-02 23:57:11,512 - log_app - INFO - log message num: 920
2021-10-02 23:57:11,813 - log_app - INFO - log message num: 921
2021-10-02 23:57:12,114 - log_app - INFO - log message num: 922
2021-10-02 23:57:12,415 - log_app - INFO - log message num: 923
2021-10-02 23:57:12,716 - log_app - INFO - log message num: 924
2021-10-02 23:57:13,017 - log_app - INFO - log message num: 925
2021-10-02 23:57:13,318 - log_app - INFO - log message num: 926
2021-10-02 23:57:13,619 - log_app - INFO - log message num: 927
2021-10-02 23:57:13,919 - log_app - INFO - log message num: 928
2021-10-02 23:57:14,220 - log_app - INFO - log message num: 929
2021-10-02 23:57:14,521 - log_app - INFO - log message num: 930
2021-10-02 23:57:14,822 - log_app - INFO - log message num: 931
2021-10-02 23:57:15,123 - log_app - INFO - log message num: 932
2021-10-02 23:57:15,424 - log_app - INFO - log message num: 933
2021-10-02 23:57:15,725 - log_app - INFO - log message num: 934
2021-10-02 23:57:16,026 - log_app - INFO - log message num: 935
2021-10-02 23:57:16,327 - log_app - INFO - log message num: 936
2021-10-02 23:57:16,628 - log_app - INFO - log message num: 937
2021-10-02 23:57:16,929 - log_app - INFO - log message num: 938
2021-10-02 23:57:17,230 - log_app - INFO - log message num: 939
2021-10-02 23:57:17,531 - log_app - INFO - log message num: 940
2021-10-02 23:57:17,832 - log_app - INFO - log message num: 941
2021-10-02 23:57:18,133 - log_app - INFO - log message num: 942
2021-10-02 23:57:18,434 - log_app - INFO - log message num: 943
2021-10-02 23:57:18,735 - log_app - INFO - log message num: 944
2021-10-02 23:57:19,036 - log_app - INFO - log message num: 945
2021-10-02 23:57:19,337 - log_app - INFO - log message num: 946
2021-10-02 23:57:19,638 - log_app - INFO - log message num: 947
2021-10-02 23:57:19,938 - log_app - INFO - log message num: 948
2021-10-02 23:57:20,239 - log_app - INFO - log message num: 949
2021-10-02 23:57:20,540 - log_app - INFO - log message num: 950
2021-10-02 23:57:20,841 - log_app - INFO - log message num: 951
2021-10-02 23:57:21,142 - log_app - INFO - log message num: 952
2021-10-02 23:57:21,443 - log_app - INFO - log message num: 953
2021-10-02 23:57:21,744 - log_app - INFO - log message num: 954
2021-10-02 23:57:22,045 - log_app - INFO - log message num: 955
2021-10-02 23:57:22,346 - log_app - INFO - log message num: 956
2021-10-02 23:57:22,647 - log_app - INFO - log message num: 957
2021-10-02 23:57:22,948 - log_app - INFO - log message num: 958
2021-10-02 23:57:23,249 - log_app - INFO - log message num: 959
2021-10-02 23:57:23,550 - log_app - INFO - log message num: 960
2021-10-02 23:57:23,851 - log_app - INFO - log message num: 961
2021-10-02 23:57:24,152 - log_app - INFO - log message num: 962
2021-10-02 23:57:24,453 - log_app - INFO - log message num: 963
2021-10-02 23:57:24,754 - log_app - INFO - log message num: 964
2021-10-02 23:57:25,055 - log_app - INFO - log message num: 965
2021-10-02 23:57:25,356 - log_app - INFO - log message num: 966
2021-10-02 23:57:25,656 - log_app - INFO - log message num: 967
2021-10-02 23:57:25,957 - log_app - INFO - log message num: 968
2021-10-02 23:57:26,258 - log_app - INFO - log message num: 969
2021-10-02 23:57:26,559 - log_app - INFO - log message num: 970
2021-10-02 23:57:26,860 - log_app - INFO - log message num: 971
2021-10-02 23:57:27,161 - log_app - INFO - log message num: 972
2021-10-02 23:57:27,462 - log_app - INFO - log message num: 973
2021-10-02 23:57:27,763 - log_app - INFO - log message num: 974
2021-10-02 23:57:28,064 - log_app - INFO - log message num: 975
2021-10-02 23:57:28,365 - log_app - INFO - log message num: 976
2021-10-02 23:57:28,666 - log_app - INFO - log message num: 977
2021-10-02 23:57:28,967 - log_app - INFO - log message num: 978
2021-10-02 23:57:29,268 - log_app - INFO - log message num: 979
2021-10-02 23:57:29,569 - log_app - INFO - log message num: 980
2021-10-02 23:57:29,870 - log_app - INFO - log message num: 981
2021-10-02 23:57:30,171 - log_app - INFO - log message num: 982
2021-10-02 23:57:30,472 - log_app - INFO - log message num: 983
2021-10-02 23:57:30,773 - log_app - INFO - log message num: 984
2021-10-02 23:57:31,074 - log_app - INFO - log message num: 985
2021-10-02 23:57:31,375 - log_app - INFO - log message num: 986
2021-10-02 23:57:31,676 - log_app - INFO - log message num: 987
2021-10-02 23:57:31,976 - log_app - INFO - log message num: 988
2021-10-02 23:57:32,277 - log_app - INFO - log message num: 989
2021-10-02 23:57:32,578 - log_app - INFO - log message num: 990
2021-10-02 23:57:32,879 - log_app - INFO - log message num: 991
2021-10-02 23:57:33,180 - log_app - INFO - log message num: 992
2021-10-02 23:57:33,481 - log_app - INFO - log message num: 993
2021-10-02 23:57:33,782 - log_app - INFO - log message num: 994
2021-10-02 23:57:34,083 - log_app - INFO - log message num: 995
2021-10-02 23:57:34,384 - log_app - INFO - log message num: 996
2021-10-02 23:57:34,685 - log_app - INFO - log message num: 997
2021-10-02 23:57:34,986 - log_app - INFO - log message num: 998
2021-10-02 23:57:35,287 - log_app - INFO - log message num: 999
2021-10-02 23:57:35,588 - log_app - INFO - log message num: 1000
2021-10-02 23:57:35,889 - log_app - INFO - log message num: 1001
2021-10-02 23:57:36,190 - log_app - INFO - log message num: 1002
2021-10-02 23:57:36,491 - log_app - INFO - log message num: 1003
2021-10-02 23:57:36,792 - log_app - INFO - log message num: 1004
2021-10-02 23:57:37,093 - log_app - INFO - log message num: 1005
2021-10-02 23:57:37,394 - log_app - INFO - log message num: 1006
2021-10-02 23:57:37,695 - log_app - INFO - log message num: 1007
2021-10-02 23:57:37,995 - log_app - INFO - log message num: 1008
2021-10-02 23:57:38,296 - log_app - INFO - log message num: 1009
2021-10-02 23:57:38,597 - log_app - INFO - log message num: 1010
2021-10-02 23:57:38,898 - log_app - INFO - log message num: 1011
2021-10-02 23:57:39,199 - log_app - INFO - log message num: 1012
2021-10-02 23:57:39,500 - log_app - INFO - log message num: 1013
2021-10-02 23:57:39,801 - log_app - INFO - log message num: 1014
2021-10-02 23:57:40,102 - log_app - INFO - log message num: 1015
2021-10-02 23:57:40,403 - log_app - INFO - log message num: 1016
2021-10-02 23:57:40,704 - log_app - INFO - log message num: 1017
2021-10-02 23:57:41,005 - log_app - INFO - log message num: 1018
2021-10-02 23:57:41,306 - log_app - INFO - log message num: 1019
2021-10-02 23:57:41,607 - log_app - INFO - log message num: 1020
2021-10-02 23:57:41,908 - log_app - INFO - log message num: 1021
2021-10-02 23:57:42,209 - log_app - INFO - log message num: 1022
2021-10-02 23:57:42,510 - log_app - INFO - log message num: 1023
2021-10-02 23:57:42,811 - log_app - INFO - log message num: 1024
2021-10-02 23:57:43,112 - log_app - INFO - log message num: 1025
2021-10-02 23:57:43,413 - log_app - INFO - log message num: 1026
2021-10-02 23:57:43,714 - log_app - INFO - log message num: 1027
2021-10-02 23:57:44,015 - log_app - INFO - log message num: 1028
2021-10-02 23:57:44,316 - log_app - INFO - log message num: 1029
2021-10-02 23:57:44,617 - log_app - INFO - log message num: 1030
2021-10-02 23:57:44,918 - log_app - INFO - log message num: 1031
2021-10-02 23:57:45,219 - log_app - INFO - log message num: 1032
2021-10-02 23:57:45,519 - log_app - INFO - log message num: 1033
2021-10-02 23:57:45,820 - log_app - INFO - log message num: 1034
2021-10-02 23:57:46,121 - log_app - INFO - log message num: 1035
2021-10-02 23:57:46,422 - log_app - INFO - log message num: 1036
2021-10-02 23:57:46,723 - log_app - INFO - log message num: 1037
2021-10-02 23:57:47,024 - log_app - INFO - log message num: 1038
2021-10-02 23:57:47,325 - log_app - INFO - log message num: 1039
2021-10-02 23:57:47,626 - log_app - INFO - log message num: 1040
2021-10-02 23:57:47,927 - log_app - INFO - log message num: 1041
2021-10-02 23:57:48,228 - log_app - INFO - log message num: 1042
2021-10-02 23:57:48,529 - log_app - INFO - log message num: 1043
2021-10-02 23:57:48,830 - log_app - INFO - log message num: 1044
2021-10-02 23:57:49,131 - log_app - INFO - log message num: 1045
2021-10-02 23:57:49,432 - log_app - INFO - log message num: 1046
2021-10-02 23:57:49,733 - log_app - INFO - log message num: 1047
2021-10-02 23:57:50,034 - log_app - INFO - log message num: 1048
2021-10-02 23:57:50,335 - log_app - INFO - log message num: 1049
2021-10-02 23:57:50,636 - log_app - INFO - log message num: 1050
2021-10-02 23:57:50,937 - log_app - INFO - log message num: 1051
2021-10-02 23:57:51,238 - log_app - INFO - log message num: 1052
2021-10-02 23:57:51,538 - log_app - INFO - log message num: 1053
2021-10-02 23:57:51,839 - log_app - INFO - log message num: 1054
2021-10-02 23:57:52,140 - log_app - INFO - log message num: 1055
2021-10-02 23:57:52,441 - log_app - INFO - log message num: 1056
2021-10-02 23:57:52,742 - log_app - INFO - log message num: 1057
2021-10-02 23:57:53,043 - log_app - INFO - log message num: 1058
2021-10-02 23:57:53,344 - log_app - INFO - log message num: 1059
2021-10-02 23:57:53,645 - log_app - INFO - log message num: 1060
2021-10-02 23:57:53,946 - log_app - INFO - log message num: 1061
2021-10-02 23:57:54,247 - log_app - INFO - log message num: 1062
2021-10-02 23:57:54,548 - log_app - INFO - log message num: 1063
2021-10-02 23:57:54,849 - log_app - INFO - log message num: 1064
2021-10-02 23:57:55,150 - log_app - INFO - log message num: 1065
2021-10-02 23:57:55,451 - log_app - INFO - log message num: 1066
2021-10-02 23:57:55,752 - log_app - INFO - log message num: 1067
2021-10-02 23:57:56,053 - log_app - INFO - log message num: 1068
2021-10-02 23:57:56,354 - log_app - INFO - log message num: 1069
2021-10-02 23:57:56,655 - log_app - INFO - log message num: 1070
2021-10-02 23:57:56,956 - log_app - INFO - log message num: 1071
2021-10-02 23:57:57,256 - log_app - INFO - log message num: 1072
2021-10-02 23:57:57,557 - log_app - INFO - log message num: 1073
2021-10-02 23:57:57,858 - log_app - INFO - log message num: 1074
2021-10-02 23:57:58,159 - log_app - INFO - log message num: 1075
2021-10-02 23:57:58,460 - log_app - INFO - log message num: 1076
2021-10-02 23:57:58,761 - log_app - INFO - log message num: 1077
2021-10-02 23:57:59,062 - log_app - INFO - log message num: 1078
2021-10-02 23:57:59,363 - log_app - INFO - log message num: 1079
2021-10-02 23:57:59,664 - log_app - INFO - log message num: 1080
2021-10-02 23:57:59,965 - log_app - INFO - log message num: 1081
2021-10-02 23:58:00,266 - log_app - INFO - log message num: 1082
2021-10-02 23:58:00,567 - log_app - INFO - log message num: 1083
2021-10-02 23:58:00,868 - log_app - INFO - log message num: 1084
2021-10-02 23:58:01,169 - log_app - INFO - log message num: 1085
2021-10-02 23:58:01,470 - log_app - INFO - log message num: 1086
2021-10-02 23:58:01,771 - log_app - INFO - log message num: 1087
2021-10-02 23:58:02,072 - log_app - INFO - log message num: 1088
2021-10-02 23:58:02,373 - log_app - INFO - log message num: 1089
2021-10-02 23:58:02,673 - log_app - INFO - log message num: 1090
2021-10-02 23:58:02,974 - log_app - INFO - log message num: 1091
2021-10-02 23:58:03,275 - log_app - INFO - log message num: 1092
2021-10-02 23:58:03,576 - log_app - INFO - log message num: 1093
2021-10-02 23:58:03,877 - log_app - INFO - log message num: 1094
2021-10-02 23:58:04,178 - log_app - INFO - log message num: 1095
2021-10-02 23:58:04,479 - log_app - INFO - log message num: 1096
2021-10-02 23:58:04,780 - log_app - INFO - log message num: 1097
2021-10-02 23:58:05,081 - log_app - INFO - log message num: 1098
2021-10-02 23:58:05,382 - log_app - INFO - log message num: 1099
2021-10-02 23:58:05,683 - log_app - INFO - log message num: 1100
2021-10-02 23:58:05,984 - log_app - INFO - log message num: 1101
2021-10-02 23:58:06,285 - log_app - INFO - log message num: 1102
2021-10-02 23:58:06,586 - log_app - INFO - log message num: 1103
2021-10-02 23:58:06,886 - log_app - INFO - log message num: 1104
2021-10-02 23:58:07,187 - log_app - INFO - log message num: 1105
2021-10-02 23:58:07,488 - log_app - INFO - log message num: 1106
2021-10-02 23:58:07,789 - log_app - INFO - log message num: 1107
2021-10-02 23:58:08,090 - log_app - INFO - log message num: 1108
2021-10-02 23:58:08,391 - log_app - INFO - log message num: 1109
2021-10-02 23:58:08,692 - log_app - INFO - log message num: 1110
2021-10-02 23:58:08,993 - log_app - INFO - log message num: 1111
2021-10-02 23:58:09,294 - log_app - INFO - log message num: 1112
2021-10-02 23:58:09,595 - log_app - INFO - log message num: 1113
2021-10-02 23:58:09,896 - log_app - INFO - log message num: 1114
2021-10-02 23:58:10,197 - log_app - INFO - log message num: 1115
2021-10-02 23:58:10,498 - log_app - INFO - log message num: 1116
2021-10-02 23:58:10,799 - log_app - INFO - log message num: 1117
2021-10-02 23:58:11,100 - log_app - INFO - log message num: 1118
2021-10-02 23:58:11,401 - log_app - INFO - log message num: 1119
2021-10-02 23:58:11,701 - log_app - INFO - log message num: 1120
2021-10-02 23:58:12,002 - log_app - INFO - log message num: 1121
2021-10-02 23:58:12,303 - log_app - INFO - log message num: 1122
2021-10-02 23:58:12,604 - log_app - INFO - log message num: 1123
2021-10-02 23:58:12,905 - log_app - INFO - log message num: 1124
2021-10-02 23:58:13,206 - log_app - INFO - log message num: 1125
2021-10-02 23:58:13,507 - log_app - INFO - log message num: 1126
2021-10-02 23:58:13,808 - log_app - INFO - log message num: 1127
2021-10-02 23:58:14,109 - log_app - INFO - log message num: 1128
2021-10-02 23:58:14,410 - log_app - INFO - log message num: 1129
2021-10-02 23:58:14,711 - log_app - INFO - log message num: 1130
2021-10-02 23:58:15,012 - log_app - INFO - log message num: 1131
2021-10-02 23:58:15,313 - log_app - INFO - log message num: 1132
2021-10-02 23:58:15,614 - log_app - INFO - log message num: 1133
2021-10-02 23:58:15,915 - log_app - INFO - log message num: 1134
2021-10-02 23:58:16,216 - log_app - INFO - log message num: 1135
2021-10-02 23:58:16,517 - log_app - INFO - log message num: 1136
2021-10-02 23:58:16,818 - log_app - INFO - log message num: 1137
2021-10-02 23:58:17,119 - log_app - INFO - log message num: 1138
2021-10-02 23:58:17,420 - log_app - INFO - log message num: 1139
2021-10-02 23:58:17,720 - log_app - INFO - log message num: 1140
2021-10-02 23:58:18,021 - log_app - INFO - log message num: 1141
2021-10-02 23:58:18,322 - log_app - INFO - log message num: 1142
2021-10-02 23:58:18,623 - log_app - INFO - log message num: 1143
2021-10-02 23:58:18,924 - log_app - INFO - log message num: 1144
2021-10-02 23:58:19,225 - log_app - INFO - log message num: 1145
2021-10-02 23:58:19,526 - log_app - INFO - log message num: 1146
2021-10-02 23:58:19,827 - log_app - INFO - log message num: 1147
2021-10-02 23:58:20,128 - log_app - INFO - log message num: 1148
2021-10-02 23:58:20,429 - log_app - INFO - log message num: 1149
2021-10-02 23:58:20,730 - log_app - INFO - log message num: 1150
2021-10-02 23:58:21,031 - log_app - INFO - log message num: 1151
2021-10-02 23:58:21,332 - log_app - INFO - log message num: 1152
2021-10-02 23:58:21,633 - log_app - INFO - log message num: 1153
2021-10-02 23:58:21,934 - log_app - INFO - log message num: 1154
2021-10-02 23:58:22,235 - log_app - INFO - log message num: 1155
2021-10-02 23:58:22,536 - log_app - INFO - log message num: 1156
2021-10-02 23:58:22,837 - log_app - INFO - log message num: 1157
2021-10-02 23:58:23,138 - log_app - INFO - log message num: 1158
2021-10-02 23:58:23,438 - log_app - INFO - log message num: 1159
2021-10-02 23:58:23,739 - log_app - INFO - log message num: 1160
2021-10-02 23:58:24,040 - log_app - INFO - log message num: 1161
2021-10-02 23:58:24,341 - log_app - INFO - log message num: 1162
2021-10-02 23:58:24,642 - log_app - INFO - log message num: 1163
2021-10-02 23:58:24,943 - log_app - INFO - log message num: 1164
2021-10-02 23:58:25,244 - log_app - INFO - log message num: 1165
2021-10-02 23:58:25,545 - log_app - INFO - log message num: 1166
2021-10-02 23:58:25,846 - log_app - INFO - log message num: 1167
2021-10-02 23:58:26,147 - log_app - INFO - log message num: 1168
2021-10-02 23:58:26,448 - log_app - INFO - log message num: 1169
2021-10-02 23:58:26,749 - log_app - INFO - log message num: 1170
2021-10-02 23:58:27,050 - log_app - INFO - log message num: 1171
2021-10-02 23:58:27,351 - log_app - INFO - log message num: 1172
2021-10-02 23:58:27,652 - log_app - INFO - log message num: 1173
2021-10-02 23:58:27,953 - log_app - INFO - log message num: 1174
2021-10-02 23:58:28,254 - log_app - INFO - log message num: 1175
2021-10-02 23:58:28,555 - log_app - INFO - log message num: 1176
2021-10-02 23:58:28,856 - log_app - INFO - log message num: 1177
2021-10-02 23:58:29,157 - log_app - INFO - log message num: 1178
2021-10-02 23:58:29,458 - log_app - INFO - log message num: 1179
2021-10-02 23:58:29,759 - log_app - INFO - log message num: 1180
2021-10-02 23:58:30,060 - log_app - INFO - log message num: 1181
2021-10-02 23:58:30,361 - log_app - INFO - log message num: 1182
2021-10-02 23:58:30,662 - log_app - INFO - log message num: 1183
2021-10-02 23:58:30,962 - log_app - INFO - log message num: 1184
2021-10-02 23:58:31,263 - log_app - INFO - log message num: 1185
2021-10-02 23:58:31,564 - log_app - INFO - log message num: 1186
2021-10-02 23:58:31,865 - log_app - INFO - log message num: 1187
2021-10-02 23:58:32,166 - log_app - INFO - log message num: 1188
2021-10-02 23:58:32,467 - log_app - INFO - log message num: 1189
2021-10-02 23:58:32,768 - log_app - INFO - log message num: 1190
2021-10-02 23:58:33,069 - log_app - INFO - log message num: 1191
2021-10-02 23:58:33,370 - log_app - INFO - log message num: 1192
2021-10-02 23:58:33,671 - log_app - INFO - log message num: 1193
2021-10-02 23:58:33,972 - log_app - INFO - log message num: 1194
2021-10-02 23:58:34,273 - log_app - INFO - log message num: 1195
2021-10-02 23:58:34,574 - log_app - INFO - log message num: 1196
2021-10-02 23:58:34,875 - log_app - INFO - log message num: 1197
2021-10-02 23:58:35,176 - log_app - INFO - log message num: 1198
2021-10-02 23:58:35,477 - log_app - INFO - log message num: 1199
2021-10-02 23:58:35,778 - log_app - INFO - log message num: 1200
2021-10-02 23:58:36,079 - log_app - INFO - log message num: 1201
2021-10-02 23:58:36,380 - log_app - INFO - log message num: 1202
2021-10-02 23:58:36,681 - log_app - INFO - log message num: 1203
2021-10-02 23:58:36,982 - log_app - INFO - log message num: 1204
2021-10-02 23:58:37,283 - log_app - INFO - log message num: 1205
2021-10-02 23:58:37,584 - log_app - INFO - log message num: 1206
2021-10-02 23:58:37,885 - log_app - INFO - log message num: 1207
2021-10-02 23:58:38,186 - log_app - INFO - log message num: 1208
2021-10-02 23:58:38,487 - log_app - INFO - log message num: 1209
2021-10-02 23:58:38,788 - log_app - INFO - log message num: 1210
2021-10-02 23:58:39,089 - log_app - INFO - log message num: 1211
2021-10-02 23:58:39,390 - log_app - INFO - log message num: 1212
2021-10-02 23:58:39,691 - log_app - INFO - log message num: 1213
2021-10-02 23:58:39,992 - log_app - INFO - log message num: 1214
2021-10-02 23:58:40,293 - log_app - INFO - log message num: 1215
2021-10-02 23:58:40,594 - log_app - INFO - log message num: 1216
2021-10-02 23:58:40,895 - log_app - INFO - log message num: 1217
2021-10-02 23:58:41,196 - log_app - INFO - log message num: 1218
2021-10-02 23:58:41,496 - log_app - INFO - log message num: 1219
2021-10-02 23:58:41,797 - log_app - INFO - log message num: 1220
2021-10-02 23:58:42,098 - log_app - INFO - log message num: 1221
2021-10-02 23:58:42,399 - log_app - INFO - log message num: 1222
2021-10-02 23:58:42,700 - log_app - INFO - log message num: 1223
2021-10-02 23:58:43,001 - log_app - INFO - log message num: 1224
2021-10-02 23:58:43,302 - log_app - INFO - log message num: 1225
2021-10-02 23:58:43,603 - log_app - INFO - log message num: 1226
2021-10-02 23:58:43,904 - log_app - INFO - log message num: 1227
2021-10-02 23:58:44,205 - log_app - INFO - log message num: 1228
2021-10-02 23:58:44,506 - log_app - INFO - log message num: 1229
2021-10-02 23:58:44,807 - log_app - INFO - log message num: 1230
2021-10-02 23:58:45,108 - log_app - INFO - log message num: 1231
2021-10-02 23:58:45,409 - log_app - INFO - log message num: 1232
2021-10-02 23:58:45,710 - log_app - INFO - log message num: 1233
2021-10-02 23:58:46,011 - log_app - INFO - log message num: 1234
2021-10-02 23:58:46,312 - log_app - INFO - log message num: 1235
2021-10-02 23:58:46,613 - log_app - INFO - log message num: 1236
2021-10-02 23:58:46,914 - log_app - INFO - log message num: 1237
2021-10-02 23:58:47,215 - log_app - INFO - log message num: 1238
2021-10-02 23:58:47,516 - log_app - INFO - log message num: 1239
2021-10-02 23:58:47,816 - log_app - INFO - log message num: 1240
2021-10-02 23:58:48,117 - log_app - INFO - log message num: 1241
2021-10-02 23:58:48,418 - log_app - INFO - log message num: 1242
2021-10-02 23:58:48,719 - log_app - INFO - log message num: 1243
2021-10-02 23:58:49,020 - log_app - INFO - log message num: 1244
2021-10-02 23:58:49,321 - log_app - INFO - log message num: 1245
2021-10-02 23:58:49,622 - log_app - INFO - log message num: 1246
2021-10-02 23:58:49,923 - log_app - INFO - log message num: 1247
2021-10-02 23:58:50,224 - log_app - INFO - log message num: 1248
2021-10-02 23:58:50,525 - log_app - INFO - log message num: 1249
2021-10-02 23:58:50,826 - log_app - INFO - log message num: 1250
2021-10-02 23:58:51,127 - log_app - INFO - log message num: 1251
2021-10-02 23:58:51,428 - log_app - INFO - log message num: 1252
2021-10-02 23:58:51,729 - log_app - INFO - log message num: 1253
2021-10-02 23:58:52,030 - log_app - INFO - log message num: 1254
2021-10-02 23:58:52,331 - log_app - INFO - log message num: 1255
2021-10-02 23:58:52,632 - log_app - INFO - log message num: 1256
2021-10-02 23:58:52,933 - log_app - INFO - log message num: 1257
2021-10-02 23:58:53,234 - log_app - INFO - log message num: 1258
2021-10-02 23:58:53,535 - log_app - INFO - log message num: 1259
2021-10-02 23:58:53,836 - log_app - INFO - log message num: 1260
2021-10-02 23:58:54,137 - log_app - INFO - log message num: 1261
2021-10-02 23:58:54,438 - log_app - INFO - log message num: 1262
2021-10-02 23:58:54,739 - log_app - INFO - log message num: 1263
2021-10-02 23:58:55,040 - log_app - INFO - log message num: 1264
2021-10-02 23:58:55,341 - log_app - INFO - log message num: 1265
2021-10-02 23:58:55,642 - log_app - INFO - log message num: 1266
2021-10-02 23:58:55,942 - log_app - INFO - log message num: 1267
2021-10-02 23:58:56,243 - log_app - INFO - log message num: 1268
2021-10-02 23:58:56,544 - log_app - INFO - log message num: 1269
2021-10-02 23:58:56,845 - log_app - INFO - log message num: 1270
2021-10-02 23:58:57,146 - log_app - INFO - log message num: 1271
2021-10-02 23:58:57,447 - log_app - INFO - log message num: 1272
2021-10-02 23:58:57,748 - log_app - INFO - log message num: 1273
2021-10-02 23:58:58,049 - log_app - INFO - log message num: 1274
2021-10-02 23:58:58,350 - log_app - INFO - log message num: 1275
2021-10-02 23:58:58,651 - log_app - INFO - log message num: 1276
2021-10-02 23:58:58,952 - log_app - INFO - log message num: 1277
2021-10-02 23:58:59,253 - log_app - INFO - log message num: 1278
2021-10-02 23:58:59,554 - log_app - INFO - log message num: 1279
2021-10-02 23:58:59,855 - log_app - INFO - log message num: 1280
2021-10-02 23:59:00,156 - log_app - INFO - log message num: 1281
2021-10-02 23:59:00,457 - log_app - INFO - log message num: 1282
2021-10-02 23:59:00,758 - log_app - INFO - log message num: 1283
2021-10-02 23:59:01,059 - log_app - INFO - log message num: 1284
2021-10-02 23:59:01,360 - log_app - INFO - log message num: 1285
2021-10-02 23:59:01,661 - log_app - INFO - log message num: 1286
2021-10-02 23:59:01,962 - log_app - INFO - log message num: 1287
2021-10-02 23:59:02,263 - log_app - INFO - log message num: 1288
2021-10-02 23:59:02,564 - log_app - INFO - log message num: 1289
2021-10-02 23:59:02,865 - log_app - INFO - log message num: 1290
2021-10-02 23:59:03,166 - log_app - INFO - log message num: 1291
2021-10-02 23:59:03,467 - log_app - INFO - log message num: 1292
2021-10-02 23:59:03,768 - log_app - INFO - log message num: 1293
2021-10-02 23:59:04,069 - log_app - INFO - log message num: 1294
2021-10-02 23:59:04,370 - log_app - INFO - log message num: 1295
2021-10-02 23:59:04,670 - log_app - INFO - log message num: 1296
2021-10-02 23:59:04,971 - log_app - INFO - log message num: 1297
2021-10-02 23:59:05,272 - log_app - INFO - log message num: 1298
2021-10-02 23:59:05,573 - log_app - INFO - log message num: 1299
2021-10-02 23:59:05,874 - log_app - INFO - log message num: 1300
2021-10-02 23:59:06,175 - log_app - INFO - log message num: 1301
2021-10-02 23:59:06,476 - log_app - INFO - log message num: 1302
2021-10-02 23:59:06,777 - log_app - INFO - log message num: 1303
2021-10-02 23:59:07,078 - log_app - INFO - log message num: 1304
2021-10-02 23:59:07,379 - log_app - INFO - log message num: 1305
2021-10-02 23:59:07,680 - log_app - INFO - log message num: 1306
2021-10-02 23:59:07,981 - log_app - INFO - log message num: 1307
2021-10-02 23:59:08,282 - log_app - INFO - log message num: 1308
2021-10-02 23:59:08,583 - log_app - INFO - log message num: 1309
2021-10-02 23:59:08,884 - log_app - INFO - log message num: 1310
2021-10-02 23:59:09,185 - log_app - INFO - log message num: 1311
2021-10-02 23:59:09,486 - log_app - INFO - log message num: 1312
2021-10-02 23:59:09,787 - log_app - INFO - log message num: 1313
2021-10-02 23:59:10,088 - log_app - INFO - log message num: 1314
2021-10-02 23:59:10,389 - log_app - INFO - log message num: 1315
2021-10-02 23:59:10,690 - log_app - INFO - log message num: 1316
2021-10-02 23:59:10,991 - log_app - INFO - log message num: 1317
2021-10-02 23:59:11,292 - log_app - INFO - log message num: 1318
2021-10-02 23:59:11,593 - log_app - INFO - log message num: 1319
2021-10-02 23:59:11,894 - log_app - INFO - log message num: 1320
2021-10-02 23:59:12,194 - log_app - INFO - log message num: 1321
2021-10-02 23:59:12,495 - log_app - INFO - log message num: 1322
2021-10-02 23:59:12,796 - log_app - INFO - log message num: 1323
2021-10-02 23:59:13,097 - log_app - INFO - log message num: 1324
2021-10-02 23:59:13,399 - log_app - INFO - log message num: 1325
2021-10-02 23:59:13,700 - log_app - INFO - log message num: 1326
2021-10-02 23:59:14,001 - log_app - INFO - log message num: 1327
2021-10-02 23:59:14,302 - log_app - INFO - log message num: 1328
2021-10-02 23:59:14,603 - log_app - INFO - log message num: 1329
2021-10-02 23:59:14,904 - log_app - INFO - log message num: 1330
2021-10-02 23:59:15,205 - log_app - INFO - log message num: 1331
2021-10-02 23:59:15,506 - log_app - INFO - log message num: 1332
2021-10-02 23:59:15,807 - log_app - INFO - log message num: 1333
2021-10-02 23:59:16,108 - log_app - INFO - log message num: 1334
2021-10-02 23:59:16,408 - log_app - INFO - log message num: 1335
2021-10-02 23:59:16,709 - log_app - INFO - log message num: 1336
2021-10-02 23:59:17,010 - log_app - INFO - log message num: 1337
2021-10-02 23:59:17,311 - log_app - INFO - log message num: 1338
2021-10-02 23:59:17,612 - log_app - INFO - log message num: 1339
2021-10-02 23:59:17,913 - log_app - INFO - log message num: 1340
2021-10-02 23:59:18,214 - log_app - INFO - log message num: 1341
2021-10-02 23:59:18,515 - log_app - INFO - log message num: 1342
2021-10-02 23:59:18,816 - log_app - INFO - log message num: 1343
2021-10-02 23:59:19,117 - log_app - INFO - log message num: 1344
2021-10-02 23:59:19,417 - log_app - INFO - log message num: 1345
2021-10-02 23:59:19,718 - log_app - INFO - log message num: 1346
2021-10-02 23:59:20,019 - log_app - INFO - log message num: 1347
2021-10-02 23:59:20,320 - log_app - INFO - log message num: 1348
2021-10-02 23:59:20,621 - log_app - INFO - log message num: 1349
2021-10-02 23:59:20,922 - log_app - INFO - log message num: 1350
2021-10-02 23:59:21,223 - log_app - INFO - log message num: 1351
2021-10-02 23:59:21,524 - log_app - INFO - log message num: 1352
2021-10-02 23:59:21,825 - log_app - INFO - log message num: 1353
2021-10-02 23:59:22,126 - log_app - INFO - log message num: 1354
2021-10-02 23:59:22,427 - log_app - INFO - log message num: 1355
2021-10-02 23:59:22,728 - log_app - INFO - log message num: 1356
2021-10-02 23:59:23,028 - log_app - INFO - log message num: 1357
2021-10-02 23:59:23,329 - log_app - INFO - log message num: 1358
2021-10-02 23:59:23,630 - log_app - INFO - log message num: 1359
2021-10-02 23:59:23,931 - log_app - INFO - log message num: 1360
2021-10-02 23:59:24,232 - log_app - INFO - log message num: 1361
2021-10-02 23:59:24,533 - log_app - INFO - log message num: 1362
2021-10-02 23:59:24,834 - log_app - INFO - log message num: 1363
2021-10-02 23:59:25,135 - log_app - INFO - log message num: 1364
2021-10-02 23:59:25,436 - log_app - INFO - log message num: 1365
2021-10-02 23:59:25,737 - log_app - INFO - log message num: 1366
2021-10-02 23:59:26,038 - log_app - INFO - log message num: 1367
2021-10-02 23:59:26,339 - log_app - INFO - log message num: 1368
2021-10-02 23:59:26,640 - log_app - INFO - log message num: 1369
2021-10-02 23:59:26,941 - log_app - INFO - log message num: 1370
2021-10-02 23:59:27,242 - log_app - INFO - log message num: 1371
2021-10-02 23:59:27,542 - log_app - INFO - log message num: 1372
2021-10-02 23:59:27,843 - log_app - INFO - log message num: 1373
2021-10-02 23:59:28,144 - log_app - INFO - log message num: 1374
2021-10-02 23:59:28,446 - log_app - INFO - log message num: 1375
2021-10-02 23:59:28,747 - log_app - INFO - log message num: 1376
2021-10-02 23:59:29,047 - log_app - INFO - log message num: 1377
2021-10-02 23:59:29,348 - log_app - INFO - log message num: 1378
2021-10-02 23:59:29,649 - log_app - INFO - log message num: 1379
2021-10-02 23:59:29,950 - log_app - INFO - log message num: 1380
2021-10-02 23:59:30,251 - log_app - INFO - log message num: 1381
2021-10-02 23:59:30,552 - log_app - INFO - log message num: 1382
2021-10-02 23:59:30,853 - log_app - INFO - log message num: 1383
2021-10-02 23:59:31,154 - log_app - INFO - log message num: 1384
2021-10-02 23:59:31,455 - log_app - INFO - log message num: 1385
2021-10-02 23:59:31,756 - log_app - INFO - log message num: 1386
2021-10-02 23:59:32,057 - log_app - INFO - log message num: 1387
2021-10-02 23:59:32,358 - log_app - INFO - log message num: 1388
2021-10-02 23:59:32,659 - log_app - INFO - log message num: 1389
2021-10-02 23:59:32,960 - log_app - INFO - log message num: 1390
2021-10-02 23:59:33,261 - log_app - INFO - log message num: 1391
2021-10-02 23:59:33,562 - log_app - INFO - log message num: 1392
2021-10-02 23:59:33,863 - log_app - INFO - log message num: 1393
2021-10-02 23:59:34,164 - log_app - INFO - log message num: 1394
2021-10-02 23:59:34,465 - log_app - INFO - log message num: 1395
2021-10-02 23:59:34,766 - log_app - INFO - log message num: 1396
2021-10-02 23:59:35,067 - log_app - INFO - log message num: 1397
2021-10-02 23:59:35,367 - log_app - INFO - log message num: 1398
2021-10-02 23:59:35,668 - log_app - INFO - log message num: 1399
2021-10-02 23:59:35,969 - log_app - INFO - log message num: 1400
2021-10-02 23:59:36,270 - log_app - INFO - log message num: 1401
2021-10-02 23:59:36,571 - log_app - INFO - log message num: 1402
2021-10-02 23:59:36,872 - log_app - INFO - log message num: 1403
2021-10-02 23:59:37,173 - log_app - INFO - log message num: 1404
2021-10-02 23:59:37,474 - log_app - INFO - log message num: 1405
2021-10-02 23:59:37,775 - log_app - INFO - log message num: 1406
2021-10-02 23:59:38,076 - log_app - INFO - log message num: 1407
2021-10-02 23:59:38,377 - log_app - INFO - log message num: 1408
2021-10-02 23:59:38,678 - log_app - INFO - log message num: 1409
2021-10-02 23:59:38,979 - log_app - INFO - log message num: 1410
2021-10-02 23:59:39,280 - log_app - INFO - log message num: 1411
2021-10-02 23:59:39,581 - log_app - INFO - log message num: 1412
2021-10-02 23:59:39,882 - log_app - INFO - log message num: 1413
2021-10-02 23:59:40,183 - log_app - INFO - log message num: 1414
2021-10-02 23:59:40,484 - log_app - INFO - log message num: 1415
2021-10-02 23:59:40,785 - log_app - INFO - log message num: 1416
2021-10-02 23:59:41,086 - log_app - INFO - log message num: 1417
2021-10-02 23:59:41,387 - log_app - INFO - log message num: 1418
2021-10-02 23:59:41,688 - log_app - INFO - log message num: 1419
2021-10-02 23:59:41,989 - log_app - INFO - log message num: 1420
2021-10-02 23:59:42,290 - log_app - INFO - log message num: 1421
2021-10-02 23:59:42,591 - log_app - INFO - log message num: 1422
2021-10-02 23:59:42,892 - log_app - INFO - log message num: 1423
2021-10-02 23:59:43,193 - log_app - INFO - log message num: 1424
2021-10-02 23:59:43,494 - log_app - INFO - log message num: 1425
2021-10-02 23:59:43,794 - log_app - INFO - log message num: 1426
2021-10-02 23:59:44,095 - log_app - INFO - log message num: 1427
2021-10-02 23:59:44,396 - log_app - INFO - log message num: 1428
2021-10-02 23:59:44,697 - log_app - INFO - log message num: 1429
2021-10-02 23:59:44,998 - log_app - INFO - log message num: 1430
2021-10-02 23:59:45,299 - log_app - INFO - log message num: 1431
2021-10-02 23:59:45,600 - log_app - INFO - log message num: 1432
2021-10-02 23:59:45,901 - log_app - INFO - log message num: 1433
2021-10-02 23:59:46,202 - log_app - INFO - log message num: 1434
2021-10-02 23:59:46,503 - log_app - INFO - log message num: 1435
2021-10-02 23:59:46,804 - log_app - INFO - log message num: 1436
2021-10-02 23:59:47,105 - log_app - INFO - log message num: 1437
2021-10-02 23:59:47,406 - log_app - INFO - log message num: 1438
2021-10-02 23:59:47,707 - log_app - INFO - log message num: 1439
2021-10-02 23:59:48,008 - log_app - INFO - log message num: 1440
2021-10-02 23:59:48,309 - log_app - INFO - log message num: 1441
2021-10-02 23:59:48,610 - log_app - INFO - log message num: 1442
2021-10-02 23:59:48,911 - log_app - INFO - log message num: 1443
2021-10-02 23:59:49,211 - log_app - INFO - log message num: 1444
2021-10-02 23:59:49,512 - log_app - INFO - log message num: 1445
2021-10-02 23:59:49,813 - log_app - INFO - log message num: 1446
2021-10-02 23:59:50,114 - log_app - INFO - log message num: 1447
2021-10-02 23:59:50,415 - log_app - INFO - log message num: 1448
2021-10-02 23:59:50,716 - log_app - INFO - log message num: 1449
2021-10-02 23:59:51,017 - log_app - INFO - log message num: 1450
2021-10-02 23:59:51,318 - log_app - INFO - log message num: 1451
2021-10-02 23:59:51,619 - log_app - INFO - log message num: 1452
2021-10-02 23:59:51,920 - log_app - INFO - log message num: 1453
2021-10-02 23:59:52,221 - log_app - INFO - log message num: 1454
2021-10-02 23:59:52,522 - log_app - INFO - log message num: 1455
2021-10-02 23:59:52,823 - log_app - INFO - log message num: 1456
2021-10-02 23:59:53,124 - log_app - INFO - log message num: 1457
2021-10-02 23:59:53,425 - log_app - INFO - log message num: 1458
2021-10-02 23:59:53,726 - log_app - INFO - log message num: 1459
2021-10-02 23:59:54,026 - log_app - INFO - log message num: 1460
2021-10-02 23:59:54,328 - log_app - INFO - log message num: 1461
2021-10-02 23:59:54,628 - log_app - INFO - log message num: 1462
2021-10-02 23:59:54,929 - log_app - INFO - log message num: 1463
2021-10-02 23:59:55,230 - log_app - INFO - log message num: 1464
2021-10-02 23:59:55,531 - log_app - INFO - log message num: 1465
2021-10-02 23:59:55,832 - log_app - INFO - log message num: 1466
2021-10-02 23:59:56,133 - log_app - INFO - log message num: 1467
2021-10-02 23:59:56,434 - log_app - INFO - log message num: 1468
2021-10-02 23:59:56,735 - log_app - INFO - log message num: 1469
2021-10-02 23:59:57,036 - log_app - INFO - log message num: 1470
2021-10-02 23:59:57,337 - log_app - INFO - log message num: 1471
2021-10-02 23:59:57,638 - log_app - INFO - log message num: 1472
2021-10-02 23:59:57,939 - log_app - INFO - log message num: 1473
2021-10-02 23:59:58,239 - log_app - INFO - log message num: 1474
2021-10-02 23:59:58,540 - log_app - INFO - log message num: 1475
2021-10-02 23:59:58,841 - log_app - INFO - log message num: 1476
2021-10-02 23:59:59,142 - log_app - INFO - log message num: 1477
2021-10-02 23:59:59,443 - log_app - INFO - log message num: 1478
2021-10-02 23:59:59,744 - log_app - INFO - log message num: 1479
2021-10-03 00:00:00,045 - log_app - INFO - log message num: 1480
2021-10-03 00:00:00,346 - log_app - INFO - log message num: 1481
2021-10-03 00:00:00,647 - log_app - INFO - log message num: 1482
2021-10-03 00:00:00,948 - log_app - INFO - log message num: 1483
2021-10-03 00:00:01,249 - log_app - INFO - log message num: 1484
2021-10-03 00:00:01,550 - log_app - INFO - log message num: 1485
2021-10-03 00:00:01,851 - log_app - INFO - log message num: 1486
2021-10-03 00:00:02,152 - log_app - INFO - log message num: 1487
2021-10-03 00:00:02,453 - log_app - INFO - log message num: 1488
2021-10-03 00:00:02,754 - log_app - INFO - log message num: 1489
2021-10-03 00:00:03,055 - log_app - INFO - log message num: 1490
2021-10-03 00:00:03,356 - log_app - INFO - log message num: 1491
2021-10-03 00:00:03,657 - log_app - INFO - log message num: 1492
2021-10-03 00:00:03,958 - log_app - INFO - log message num: 1493
2021-10-03 00:00:04,259 - log_app - INFO - log message num: 1494
2021-10-03 00:00:04,560 - log_app - INFO - log message num: 1495
2021-10-03 00:00:04,861 - log_app - INFO - log message num: 1496
2021-10-03 00:00:05,162 - log_app - INFO - log message num: 1497
2021-10-03 00:00:05,462 - log_app - INFO - log message num: 1498
2021-10-03 00:00:05,764 - log_app - INFO - log message num: 1499
2021-10-03 00:00:06,064 - log_app - INFO - log message num: 1500
2021-10-03 00:00:06,366 - log_app - INFO - log message num: 1501
2021-10-03 00:00:06,666 - log_app - INFO - log message num: 1502
2021-10-03 00:00:06,967 - log_app - INFO - log message num: 1503
2021-10-03 00:00:07,268 - log_app - INFO - log message num: 1504
2021-10-03 00:00:07,569 - log_app - INFO - log message num: 1505
2021-10-03 00:00:07,870 - log_app - INFO - log message num: 1506
2021-10-03 00:00:08,171 - log_app - INFO - log message num: 1507
2021-10-03 00:00:08,472 - log_app - INFO - log message num: 1508
2021-10-03 00:00:08,773 - log_app - INFO - log message num: 1509
2021-10-03 00:01:07,265 - log_app - INFO - log message num: 0
2021-10-03 00:01:07,566 - log_app - INFO - log message num: 1
2021-10-03 00:01:07,867 - log_app - INFO - log message num: 2
2021-10-03 00:01:08,168 - log_app - INFO - log message num: 3
2021-10-03 00:01:08,469 - log_app - INFO - log message num: 4
2021-10-03 00:01:08,770 - log_app - INFO - log message num: 5
2021-10-03 00:01:09,071 - log_app - INFO - log message num: 6
2021-10-03 00:01:09,371 - log_app - INFO - log message num: 7
2021-10-03 00:01:09,672 - log_app - INFO - log message num: 8
2021-10-03 00:01:09,973 - log_app - INFO - log message num: 9
2021-10-03 00:01:10,274 - log_app - INFO - log message num: 10
2021-10-03 00:01:10,575 - log_app - INFO - log message num: 11
2021-10-03 00:01:10,876 - log_app - INFO - log message num: 12
2021-10-03 00:01:11,177 - log_app - INFO - log message num: 13
2021-10-03 00:01:11,478 - log_app - INFO - log message num: 14
2021-10-03 00:01:11,779 - log_app - INFO - log message num: 15
2021-10-03 00:01:12,080 - log_app - INFO - log message num: 16
2021-10-03 00:01:12,381 - log_app - INFO - log message num: 17
2021-10-03 00:01:12,682 - log_app - INFO - log message num: 18
2021-10-03 00:01:12,983 - log_app - INFO - log message num: 19
2021-10-03 00:01:13,284 - log_app - INFO - log message num: 20
2021-10-03 00:01:13,585 - log_app - INFO - log message num: 21
2021-10-03 00:01:13,886 - log_app - INFO - log message num: 22
2021-10-03 00:01:14,187 - log_app - INFO - log message num: 23
2021-10-03 00:01:14,488 - log_app - INFO - log message num: 24
2021-10-03 00:01:14,788 - log_app - INFO - log message num: 25
2021-10-03 00:01:15,089 - log_app - INFO - log message num: 26
2021-10-03 00:01:15,390 - log_app - INFO - log message num: 27
2021-10-03 00:01:15,691 - log_app - INFO - log message num: 28
2021-10-03 00:01:15,992 - log_app - INFO - log message num: 29
2021-10-03 00:01:16,293 - log_app - INFO - log message num: 30
2021-10-03 00:01:16,594 - log_app - INFO - log message num: 31
2021-10-03 00:01:16,895 - log_app - INFO - log message num: 32
2021-10-03 00:01:17,196 - log_app - INFO - log message num: 33
2021-10-03 00:01:17,497 - log_app - INFO - log message num: 34
2021-10-03 00:01:17,798 - log_app - INFO - log message num: 35
2021-10-03 00:01:18,099 - log_app - INFO - log message num: 36
2021-10-03 00:01:18,400 - log_app - INFO - log message num: 37
2021-10-03 00:01:18,701 - log_app - INFO - log message num: 38
2021-10-03 00:01:19,002 - log_app - INFO - log message num: 39
2021-10-03 00:01:19,303 - log_app - INFO - log message num: 40
2021-10-03 00:01:19,604 - log_app - INFO - log message num: 41
2021-10-03 00:01:19,905 - log_app - INFO - log message num: 42
2021-10-03 00:01:20,206 - log_app - INFO - log message num: 43
2021-10-03 00:01:20,507 - log_app - INFO - log message num: 44
2021-10-03 00:01:20,807 - log_app - INFO - log message num: 45
2021-10-03 00:01:21,108 - log_app - INFO - log message num: 46
2021-10-03 00:01:21,409 - log_app - INFO - log message num: 47
2021-10-03 00:01:21,710 - log_app - INFO - log message num: 48
2021-10-03 00:01:22,011 - log_app - INFO - log message num: 49
2021-10-03 00:01:22,312 - log_app - INFO - log message num: 50
2021-10-03 00:01:22,613 - log_app - INFO - log message num: 51
2021-10-03 00:01:22,914 - log_app - INFO - log message num: 52
2021-10-03 00:01:23,215 - log_app - INFO - log message num: 53
2021-10-03 00:01:23,516 - log_app - INFO - log message num: 54
2021-10-03 00:01:23,817 - log_app - INFO - log message num: 55
2021-10-03 00:01:24,118 - log_app - INFO - log message num: 56
2021-10-03 00:01:24,419 - log_app - INFO - log message num: 57
2021-10-03 00:01:24,720 - log_app - INFO - log message num: 58
2021-10-03 00:01:25,021 - log_app - INFO - log message num: 59
2021-10-03 00:01:25,322 - log_app - INFO - log message num: 60
2021-10-03 00:01:25,623 - log_app - INFO - log message num: 61
2021-10-03 00:01:25,924 - log_app - INFO - log message num: 62
2021-10-03 00:01:26,225 - log_app - INFO - log message num: 63
2021-10-03 00:01:26,525 - log_app - INFO - log message num: 64
2021-10-03 00:01:26,826 - log_app - INFO - log message num: 65
2021-10-03 00:01:27,127 - log_app - INFO - log message num: 66
2021-10-03 00:01:27,428 - log_app - INFO - log message num: 67
2021-10-03 00:01:27,729 - log_app - INFO - log message num: 68
2021-10-03 00:01:28,030 - log_app - INFO - log message num: 69
2021-10-03 00:01:28,331 - log_app - INFO - log message num: 70
2021-10-03 00:01:28,632 - log_app - INFO - log message num: 71
2021-10-03 00:01:28,933 - log_app - INFO - log message num: 72
2021-10-03 00:01:29,234 - log_app - INFO - log message num: 73
2021-10-03 00:01:29,534 - log_app - INFO - log message num: 74
2021-10-03 00:01:29,835 - log_app - INFO - log message num: 75
2021-10-03 00:01:30,136 - log_app - INFO - log message num: 76
2021-10-03 00:01:30,437 - log_app - INFO - log message num: 77
2021-10-03 00:01:30,738 - log_app - INFO - log message num: 78
2021-10-03 00:01:31,039 - log_app - INFO - log message num: 79
2021-10-03 00:01:31,340 - log_app - INFO - log message num: 80
2021-10-03 00:01:31,641 - log_app - INFO - log message num: 81
2021-10-03 00:01:31,942 - log_app - INFO - log message num: 82
2021-10-03 00:01:32,243 - log_app - INFO - log message num: 83
2021-10-03 00:01:32,544 - log_app - INFO - log message num: 84
2021-10-03 00:01:32,844 - log_app - INFO - log message num: 85
2021-10-03 00:01:33,145 - log_app - INFO - log message num: 86
2021-10-03 00:01:33,446 - log_app - INFO - log message num: 87
2021-10-03 00:01:33,747 - log_app - INFO - log message num: 88
2021-10-03 00:01:34,048 - log_app - INFO - log message num: 89
2021-10-03 00:01:34,349 - log_app - INFO - log message num: 90
2021-10-03 00:01:34,650 - log_app - INFO - log message num: 91
2021-10-03 00:01:34,951 - log_app - INFO - log message num: 92
2021-10-03 00:01:35,252 - log_app - INFO - log message num: 93
2021-10-03 00:01:35,553 - log_app - INFO - log message num: 94
2021-10-03 00:01:35,854 - log_app - INFO - log message num: 95
2021-10-03 00:01:36,155 - log_app - INFO - log message num: 96
2021-10-03 00:01:36,456 - log_app - INFO - log message num: 97
2021-10-03 00:01:36,757 - log_app - INFO - log message num: 98
2021-10-03 00:01:37,058 - log_app - INFO - log message num: 99
2021-10-03 00:01:37,359 - log_app - INFO - log message num: 100
2021-10-03 00:01:37,660 - log_app - INFO - log message num: 101
2021-10-03 00:01:37,961 - log_app - INFO - log message num: 102
2021-10-03 00:01:38,262 - log_app - INFO - log message num: 103
2021-10-03 00:01:38,563 - log_app - INFO - log message num: 104
2021-10-03 00:01:38,864 - log_app - INFO - log message num: 105
2021-10-03 00:01:39,165 - log_app - INFO - log message num: 106
2021-10-03 00:01:39,466 - log_app - INFO - log message num: 107
2021-10-03 00:01:39,767 - log_app - INFO - log message num: 108
2021-10-03 00:01:40,067 - log_app - INFO - log message num: 109
2021-10-03 00:01:40,368 - log_app - INFO - log message num: 110
2021-10-03 00:01:40,669 - log_app - INFO - log message num: 111
2021-10-03 00:01:40,970 - log_app - INFO - log message num: 112
2021-10-03 00:01:41,271 - log_app - INFO - log message num: 113
2021-10-03 00:01:41,572 - log_app - INFO - log message num: 114
2021-10-03 00:01:41,873 - log_app - INFO - log message num: 115
2021-10-03 00:01:42,174 - log_app - INFO - log message num: 116
2021-10-03 00:01:42,475 - log_app - INFO - log message num: 117
2021-10-03 00:01:42,776 - log_app - INFO - log message num: 118
2021-10-03 00:01:43,077 - log_app - INFO - log message num: 119
2021-10-03 00:01:43,378 - log_app - INFO - log message num: 120
2021-10-03 00:01:43,679 - log_app - INFO - log message num: 121
2021-10-03 00:01:43,980 - log_app - INFO - log message num: 122
2021-10-03 00:01:44,281 - log_app - INFO - log message num: 123
2021-10-03 00:01:44,582 - log_app - INFO - log message num: 124
2021-10-03 00:01:44,883 - log_app - INFO - log message num: 125
2021-10-03 00:01:45,184 - log_app - INFO - log message num: 126
2021-10-03 00:01:45,485 - log_app - INFO - log message num: 127
2021-10-03 00:01:45,786 - log_app - INFO - log message num: 128
2021-10-03 00:01:46,087 - log_app - INFO - log message num: 129
2021-10-03 00:01:46,388 - log_app - INFO - log message num: 130
2021-10-03 00:01:46,689 - log_app - INFO - log message num: 131
2021-10-03 00:01:46,990 - log_app - INFO - log message num: 132
2021-10-03 00:01:47,291 - log_app - INFO - log message num: 133
2021-10-03 00:01:47,592 - log_app - INFO - log message num: 134
2021-10-03 00:01:47,892 - log_app - INFO - log message num: 135
2021-10-03 00:01:48,193 - log_app - INFO - log message num: 136
2021-10-03 00:01:48,494 - log_app - INFO - log message num: 137
2021-10-03 00:01:48,795 - log_app - INFO - log message num: 138
2021-10-03 00:01:49,096 - log_app - INFO - log message num: 139
2021-10-03 00:01:49,397 - log_app - INFO - log message num: 140
2021-10-03 00:01:49,698 - log_app - INFO - log message num: 141
2021-10-03 00:01:49,999 - log_app - INFO - log message num: 142
2021-10-03 00:01:50,300 - log_app - INFO - log message num: 143
2021-10-03 00:01:50,601 - log_app - INFO - log message num: 144
2021-10-03 00:01:50,902 - log_app - INFO - log message num: 145
2021-10-03 00:01:51,203 - log_app - INFO - log message num: 146
2021-10-03 00:01:51,504 - log_app - INFO - log message num: 147
2021-10-03 00:01:51,805 - log_app - INFO - log message num: 148
2021-10-03 00:01:52,106 - log_app - INFO - log message num: 149
2021-10-03 00:01:52,407 - log_app - INFO - log message num: 150
2021-10-03 00:01:52,708 - log_app - INFO - log message num: 151
2021-10-03 00:01:53,009 - log_app - INFO - log message num: 152
2021-10-03 00:01:53,310 - log_app - INFO - log message num: 153
2021-10-03 00:01:53,611 - log_app - INFO - log message num: 154
2021-10-03 00:01:53,912 - log_app - INFO - log message num: 155
2021-10-03 00:01:54,213 - log_app - INFO - log message num: 156
2021-10-03 00:01:54,513 - log_app - INFO - log message num: 157
2021-10-03 00:01:54,814 - log_app - INFO - log message num: 158
2021-10-03 00:01:55,115 - log_app - INFO - log message num: 159
2021-10-03 00:01:55,416 - log_app - INFO - log message num: 160
2021-10-03 00:01:55,717 - log_app - INFO - log message num: 161
2021-10-03 00:01:56,018 - log_app - INFO - log message num: 162
2021-10-03 00:01:56,319 - log_app - INFO - log message num: 163
2021-10-03 00:01:56,620 - log_app - INFO - log message num: 164
2021-10-03 00:01:56,921 - log_app - INFO - log message num: 165
2021-10-03 00:01:57,222 - log_app - INFO - log message num: 166
2021-10-03 00:01:57,523 - log_app - INFO - log message num: 167
2021-10-03 00:01:57,823 - log_app - INFO - log message num: 168
2021-10-03 00:01:58,124 - log_app - INFO - log message num: 169
2021-10-03 00:01:58,425 - log_app - INFO - log message num: 170
2021-10-03 00:01:58,726 - log_app - INFO - log message num: 171
2021-10-03 00:01:59,027 - log_app - INFO - log message num: 172
2021-10-03 00:01:59,328 - log_app - INFO - log message num: 173
2021-10-03 00:01:59,629 - log_app - INFO - log message num: 174
2021-10-03 00:01:59,930 - log_app - INFO - log message num: 175
2021-10-03 00:02:00,231 - log_app - INFO - log message num: 176
2021-10-03 00:02:00,532 - log_app - INFO - log message num: 177
2021-10-03 00:02:00,833 - log_app - INFO - log message num: 178
2021-10-03 00:02:01,134 - log_app - INFO - log message num: 179
2021-10-03 00:02:01,435 - log_app - INFO - log message num: 180
2021-10-03 00:02:01,736 - log_app - INFO - log message num: 181
2021-10-03 00:02:02,037 - log_app - INFO - log message num: 182
2021-10-03 00:02:02,338 - log_app - INFO - log message num: 183
2021-10-03 00:02:02,639 - log_app - INFO - log message num: 184
2021-10-03 00:02:02,940 - log_app - INFO - log message num: 185
2021-10-03 00:02:03,241 - log_app - INFO - log message num: 186
2021-10-03 00:02:03,541 - log_app - INFO - log message num: 187
2021-10-03 00:02:03,842 - log_app - INFO - log message num: 188
2021-10-03 00:02:04,143 - log_app - INFO - log message num: 189
2021-10-03 00:02:04,444 - log_app - INFO - log message num: 190
2021-10-03 00:02:04,745 - log_app - INFO - log message num: 191
2021-10-03 00:02:05,046 - log_app - INFO - log message num: 192
2021-10-03 00:02:05,347 - log_app - INFO - log message num: 193
2021-10-03 00:02:05,648 - log_app - INFO - log message num: 194
2021-10-03 00:02:05,949 - log_app - INFO - log message num: 195
2021-10-03 00:02:06,250 - log_app - INFO - log message num: 196
2021-10-03 00:02:06,551 - log_app - INFO - log message num: 197
2021-10-03 00:02:06,852 - log_app - INFO - log message num: 198
2021-10-03 00:02:07,153 - log_app - INFO - log message num: 199
2021-10-03 00:02:07,453 - log_app - INFO - log message num: 200
2021-10-03 00:02:07,754 - log_app - INFO - log message num: 201
2021-10-03 00:02:08,055 - log_app - INFO - log message num: 202
2021-10-03 00:02:08,356 - log_app - INFO - log message num: 203
2021-10-03 00:02:08,657 - log_app - INFO - log message num: 204
2021-10-03 00:02:08,958 - log_app - INFO - log message num: 205
2021-10-03 00:02:09,259 - log_app - INFO - log message num: 206
2021-10-03 00:02:09,560 - log_app - INFO - log message num: 207
2021-10-03 00:02:09,861 - log_app - INFO - log message num: 208
2021-10-03 00:02:10,162 - log_app - INFO - log message num: 209
2021-10-03 00:02:10,463 - log_app - INFO - log message num: 210
2021-10-03 00:02:10,764 - log_app - INFO - log message num: 211
2021-10-03 00:02:11,065 - log_app - INFO - log message num: 212
2021-10-03 00:02:11,366 - log_app - INFO - log message num: 213
2021-10-03 00:02:11,666 - log_app - INFO - log message num: 214
2021-10-03 00:02:11,967 - log_app - INFO - log message num: 215
2021-10-03 00:02:12,268 - log_app - INFO - log message num: 216
2021-10-03 00:02:12,569 - log_app - INFO - log message num: 217
2021-10-03 00:02:12,870 - log_app - INFO - log message num: 218
2021-10-03 00:02:13,171 - log_app - INFO - log message num: 219
2021-10-03 00:02:13,472 - log_app - INFO - log message num: 220
2021-10-03 00:02:13,773 - log_app - INFO - log message num: 221
2021-10-03 00:02:14,074 - log_app - INFO - log message num: 222
2021-10-03 00:02:14,375 - log_app - INFO - log message num: 223
2021-10-03 00:02:14,676 - log_app - INFO - log message num: 224
2021-10-03 00:02:14,977 - log_app - INFO - log message num: 225
2021-10-03 00:02:15,278 - log_app - INFO - log message num: 226
2021-10-03 00:02:15,579 - log_app - INFO - log message num: 227
2021-10-03 00:02:15,880 - log_app - INFO - log message num: 228
2021-10-03 00:02:16,181 - log_app - INFO - log message num: 229
2021-10-03 00:02:16,482 - log_app - INFO - log message num: 230
2021-10-03 00:02:16,783 - log_app - INFO - log message num: 231
2021-10-03 00:02:17,084 - log_app - INFO - log message num: 232
2021-10-03 00:02:17,385 - log_app - INFO - log message num: 233
2021-10-03 00:02:17,686 - log_app - INFO - log message num: 234
2021-10-03 00:02:17,987 - log_app - INFO - log message num: 235
2021-10-03 00:02:18,288 - log_app - INFO - log message num: 236
2021-10-03 00:02:18,589 - log_app - INFO - log message num: 237
2021-10-03 00:02:18,890 - log_app - INFO - log message num: 238
2021-10-03 00:02:19,191 - log_app - INFO - log message num: 239
2021-10-03 00:02:19,492 - log_app - INFO - log message num: 240
2021-10-03 00:02:19,793 - log_app - INFO - log message num: 241
2021-10-03 00:02:20,094 - log_app - INFO - log message num: 242
2021-10-03 00:02:20,395 - log_app - INFO - log message num: 243
2021-10-03 00:02:20,696 - log_app - INFO - log message num: 244
2021-10-03 00:02:20,997 - log_app - INFO - log message num: 245
2021-10-03 00:02:21,297 - log_app - INFO - log message num: 246
2021-10-03 00:02:21,598 - log_app - INFO - log message num: 247
2021-10-03 00:02:21,899 - log_app - INFO - log message num: 248
2021-10-03 00:02:22,200 - log_app - INFO - log message num: 249
2021-10-03 00:02:22,501 - log_app - INFO - log message num: 250
2021-10-03 00:02:22,802 - log_app - INFO - log message num: 251
2021-10-03 00:02:23,103 - log_app - INFO - log message num: 252
2021-10-03 00:02:23,404 - log_app - INFO - log message num: 253
2021-10-03 00:02:23,705 - log_app - INFO - log message num: 254
2021-10-03 00:02:24,006 - log_app - INFO - log message num: 255
2021-10-03 00:02:24,307 - log_app - INFO - log message num: 256
2021-10-03 00:02:24,608 - log_app - INFO - log message num: 257
2021-10-03 00:02:24,909 - log_app - INFO - log message num: 258
2021-10-03 00:02:25,210 - log_app - INFO - log message num: 259
2021-10-03 00:02:25,511 - log_app - INFO - log message num: 260
2021-10-03 00:02:25,812 - log_app - INFO - log message num: 261
2021-10-03 00:02:26,113 - log_app - INFO - log message num: 262
2021-10-03 00:02:26,414 - log_app - INFO - log message num: 263
2021-10-03 00:02:26,715 - log_app - INFO - log message num: 264
2021-10-03 00:02:27,016 - log_app - INFO - log message num: 265
2021-10-03 00:02:27,317 - log_app - INFO - log message num: 266
2021-10-03 00:02:27,617 - log_app - INFO - log message num: 267
2021-10-03 00:02:27,918 - log_app - INFO - log message num: 268
2021-10-03 00:02:28,219 - log_app - INFO - log message num: 269
2021-10-03 00:02:28,520 - log_app - INFO - log message num: 270
2021-10-03 00:02:28,821 - log_app - INFO - log message num: 271
2021-10-03 00:02:29,122 - log_app - INFO - log message num: 272
2021-10-03 00:02:29,423 - log_app - INFO - log message num: 273
2021-10-03 00:02:29,725 - log_app - INFO - log message num: 274
2021-10-03 00:02:30,026 - log_app - INFO - log message num: 275
2021-10-03 00:02:30,327 - log_app - INFO - log message num: 276
2021-10-03 00:02:30,628 - log_app - INFO - log message num: 277
2021-10-03 00:02:30,929 - log_app - INFO - log message num: 278
2021-10-03 00:02:31,230 - log_app - INFO - log message num: 279
2021-10-03 00:02:31,531 - log_app - INFO - log message num: 280
2021-10-03 00:02:31,832 - log_app - INFO - log message num: 281
2021-10-03 00:02:32,133 - log_app - INFO - log message num: 282
2021-10-03 00:02:32,434 - log_app - INFO - log message num: 283
2021-10-03 00:02:32,735 - log_app - INFO - log message num: 284
2021-10-03 00:02:33,036 - log_app - INFO - log message num: 285
2021-10-03 00:02:33,337 - log_app - INFO - log message num: 286
2021-10-03 00:02:33,638 - log_app - INFO - log message num: 287
2021-10-03 00:02:33,939 - log_app - INFO - log message num: 288
2021-10-03 00:02:34,240 - log_app - INFO - log message num: 289
2021-10-03 00:02:34,541 - log_app - INFO - log message num: 290
2021-10-03 00:02:34,842 - log_app - INFO - log message num: 291
2021-10-03 00:02:35,143 - log_app - INFO - log message num: 292
2021-10-03 00:02:35,443 - log_app - INFO - log message num: 293
2021-10-03 00:02:35,744 - log_app - INFO - log message num: 294
2021-10-03 00:02:36,045 - log_app - INFO - log message num: 295
2021-10-03 00:02:36,346 - log_app - INFO - log message num: 296
2021-10-03 00:02:36,647 - log_app - INFO - log message num: 297
2021-10-03 00:02:36,948 - log_app - INFO - log message num: 298
2021-10-03 00:02:37,249 - log_app - INFO - log message num: 299
2021-10-03 00:02:37,549 - log_app - INFO - log message num: 300
2021-10-03 00:02:37,850 - log_app - INFO - log message num: 301
2021-10-03 00:02:38,151 - log_app - INFO - log message num: 302
2021-10-03 00:02:38,452 - log_app - INFO - log message num: 303
2021-10-03 00:02:38,753 - log_app - INFO - log message num: 304
2021-10-03 00:02:39,054 - log_app - INFO - log message num: 305
2021-10-03 00:02:39,355 - log_app - INFO - log message num: 306
2021-10-03 00:02:39,656 - log_app - INFO - log message num: 307
2021-10-03 00:02:39,957 - log_app - INFO - log message num: 308
2021-10-03 00:02:40,258 - log_app - INFO - log message num: 309
2021-10-03 00:02:40,559 - log_app - INFO - log message num: 310
2021-10-03 00:02:40,860 - log_app - INFO - log message num: 311
2021-10-03 00:02:41,161 - log_app - INFO - log message num: 312
2021-10-03 00:02:41,462 - log_app - INFO - log message num: 313
2021-10-03 00:02:41,763 - log_app - INFO - log message num: 314
2021-10-03 00:02:42,064 - log_app - INFO - log message num: 315
2021-10-03 00:02:42,365 - log_app - INFO - log message num: 316
2021-10-03 00:02:42,666 - log_app - INFO - log message num: 317
2021-10-03 00:02:42,967 - log_app - INFO - log message num: 318
2021-10-03 00:02:43,268 - log_app - INFO - log message num: 319
2021-10-03 00:02:43,569 - log_app - INFO - log message num: 320
2021-10-03 00:02:43,870 - log_app - INFO - log message num: 321
2021-10-03 00:02:44,171 - log_app - INFO - log message num: 322
2021-10-03 00:02:44,471 - log_app - INFO - log message num: 323
2021-10-03 00:02:44,772 - log_app - INFO - log message num: 324
2021-10-03 00:02:45,073 - log_app - INFO - log message num: 325
2021-10-03 00:02:45,374 - log_app - INFO - log message num: 326
2021-10-03 00:02:45,675 - log_app - INFO - log message num: 327
2021-10-03 00:02:45,976 - log_app - INFO - log message num: 328
2021-10-03 00:02:46,277 - log_app - INFO - log message num: 329
2021-10-03 00:02:46,578 - log_app - INFO - log message num: 330
2021-10-03 00:02:46,879 - log_app - INFO - log message num: 331
2021-10-03 00:02:47,180 - log_app - INFO - log message num: 332
2021-10-03 00:02:47,481 - log_app - INFO - log message num: 333
2021-10-03 00:02:47,782 - log_app - INFO - log message num: 334
2021-10-03 00:02:48,083 - log_app - INFO - log message num: 335
2021-10-03 00:02:48,384 - log_app - INFO - log message num: 336
2021-10-03 00:02:48,685 - log_app - INFO - log message num: 337
2021-10-03 00:02:48,986 - log_app - INFO - log message num: 338
2021-10-03 00:02:49,287 - log_app - INFO - log message num: 339
2021-10-03 00:02:49,588 - log_app - INFO - log message num: 340
2021-10-03 00:02:49,889 - log_app - INFO - log message num: 341
2021-10-03 00:02:50,190 - log_app - INFO - log message num: 342
2021-10-03 00:02:50,491 - log_app - INFO - log message num: 343
2021-10-03 00:02:50,792 - log_app - INFO - log message num: 344
2021-10-03 00:02:51,093 - log_app - INFO - log message num: 345
2021-10-03 00:02:51,394 - log_app - INFO - log message num: 346
2021-10-03 00:02:51,695 - log_app - INFO - log message num: 347
2021-10-03 00:02:51,996 - log_app - INFO - log message num: 348
2021-10-03 00:02:52,297 - log_app - INFO - log message num: 349
2021-10-03 00:02:52,598 - log_app - INFO - log message num: 350
2021-10-03 00:02:52,899 - log_app - INFO - log message num: 351
2021-10-03 00:02:53,200 - log_app - INFO - log message num: 352
2021-10-03 00:02:53,501 - log_app - INFO - log message num: 353
2021-10-03 00:02:53,802 - log_app - INFO - log message num: 354
2021-10-03 00:02:54,103 - log_app - INFO - log message num: 355
2021-10-03 00:02:54,404 - log_app - INFO - log message num: 356
2021-10-03 00:02:54,705 - log_app - INFO - log message num: 357
2021-10-03 00:02:55,006 - log_app - INFO - log message num: 358
2021-10-03 00:02:55,306 - log_app - INFO - log message num: 359
2021-10-03 00:02:55,608 - log_app - INFO - log message num: 360
2021-10-03 00:02:55,908 - log_app - INFO - log message num: 361
2021-10-03 00:02:56,209 - log_app - INFO - log message num: 362
2021-10-03 00:02:56,510 - log_app - INFO - log message num: 363
2021-10-03 00:02:56,811 - log_app - INFO - log message num: 364
2021-10-03 00:02:57,112 - log_app - INFO - log message num: 365
2021-10-03 00:02:57,413 - log_app - INFO - log message num: 366
2021-10-03 00:02:57,714 - log_app - INFO - log message num: 367
2021-10-03 00:02:58,015 - log_app - INFO - log message num: 368
2021-10-03 00:02:58,316 - log_app - INFO - log message num: 369
2021-10-03 00:02:58,617 - log_app - INFO - log message num: 370
2021-10-03 00:02:58,918 - log_app - INFO - log message num: 371
2021-10-03 00:02:59,219 - log_app - INFO - log message num: 372
2021-10-03 00:02:59,520 - log_app - INFO - log message num: 373
2021-10-03 00:02:59,820 - log_app - INFO - log message num: 374
2021-10-03 00:03:00,121 - log_app - INFO - log message num: 375
2021-10-03 00:03:00,422 - log_app - INFO - log message num: 376
2021-10-03 00:03:00,723 - log_app - INFO - log message num: 377
2021-10-03 00:03:01,024 - log_app - INFO - log message num: 378
2021-10-03 00:03:01,325 - log_app - INFO - log message num: 379
2021-10-03 00:03:01,626 - log_app - INFO - log message num: 380
2021-10-03 00:03:01,927 - log_app - INFO - log message num: 381
2021-10-03 00:03:02,228 - log_app - INFO - log message num: 382
2021-10-03 00:03:02,529 - log_app - INFO - log message num: 383
2021-10-03 00:03:02,830 - log_app - INFO - log message num: 384
2021-10-03 00:03:03,131 - log_app - INFO - log message num: 385
2021-10-03 00:03:03,432 - log_app - INFO - log message num: 386
2021-10-03 00:03:03,733 - log_app - INFO - log message num: 387
2021-10-03 00:03:04,034 - log_app - INFO - log message num: 388
2021-10-03 00:03:04,335 - log_app - INFO - log message num: 389
2021-10-03 00:03:04,636 - log_app - INFO - log message num: 390
2021-10-03 00:03:04,937 - log_app - INFO - log message num: 391
2021-10-03 00:03:05,238 - log_app - INFO - log message num: 392
2021-10-03 00:03:05,539 - log_app - INFO - log message num: 393
2021-10-03 00:03:05,840 - log_app - INFO - log message num: 394
2021-10-03 00:03:06,141 - log_app - INFO - log message num: 395
2021-10-03 00:03:06,442 - log_app - INFO - log message num: 396
2021-10-03 00:03:06,743 - log_app - INFO - log message num: 397
2021-10-03 00:03:07,044 - log_app - INFO - log message num: 398
2021-10-03 00:03:07,344 - log_app - INFO - log message num: 399
2021-10-03 00:03:07,645 - log_app - INFO - log message num: 400
2021-10-03 00:03:07,946 - log_app - INFO - log message num: 401
2021-10-03 00:03:08,247 - log_app - INFO - log message num: 402
2021-10-03 00:03:08,548 - log_app - INFO - log message num: 403
2021-10-03 00:03:08,849 - log_app - INFO - log message num: 404
2021-10-03 00:03:09,150 - log_app - INFO - log message num: 405
2021-10-03 00:03:09,451 - log_app - INFO - log message num: 406
2021-10-03 00:03:09,752 - log_app - INFO - log message num: 407
2021-10-03 00:03:10,053 - log_app - INFO - log message num: 408
2021-10-03 00:03:10,354 - log_app - INFO - log message num: 409
2021-10-03 00:03:10,655 - log_app - INFO - log message num: 410
2021-10-03 00:03:10,956 - log_app - INFO - log message num: 411
2021-10-03 00:03:11,257 - log_app - INFO - log message num: 412
2021-10-03 00:03:11,557 - log_app - INFO - log message num: 413
2021-10-03 00:03:11,859 - log_app - INFO - log message num: 414
2021-10-03 00:03:12,159 - log_app - INFO - log message num: 415
2021-10-03 00:03:12,460 - log_app - INFO - log message num: 416
2021-10-03 00:03:12,761 - log_app - INFO - log message num: 417
2021-10-03 00:03:13,062 - log_app - INFO - log message num: 418
2021-10-03 00:03:13,363 - log_app - INFO - log message num: 419
2021-10-03 00:03:13,664 - log_app - INFO - log message num: 420
2021-10-03 00:03:13,965 - log_app - INFO - log message num: 421
2021-10-03 00:03:14,266 - log_app - INFO - log message num: 422
2021-10-03 00:03:14,567 - log_app - INFO - log message num: 423
2021-10-03 00:03:14,868 - log_app - INFO - log message num: 424
2021-10-03 00:03:15,169 - log_app - INFO - log message num: 425
2021-10-03 00:03:15,470 - log_app - INFO - log message num: 426
2021-10-03 00:03:15,771 - log_app - INFO - log message num: 427
2021-10-03 00:03:16,072 - log_app - INFO - log message num: 428
2021-10-03 00:03:16,373 - log_app - INFO - log message num: 429
2021-10-03 00:03:16,674 - log_app - INFO - log message num: 430
2021-10-03 00:03:16,975 - log_app - INFO - log message num: 431
2021-10-03 00:03:17,276 - log_app - INFO - log message num: 432
2021-10-03 00:03:17,577 - log_app - INFO - log message num: 433
2021-10-03 00:03:17,878 - log_app - INFO - log message num: 434
2021-10-03 00:03:18,179 - log_app - INFO - log message num: 435
2021-10-03 00:03:18,480 - log_app - INFO - log message num: 436
2021-10-03 00:03:18,781 - log_app - INFO - log message num: 437
2021-10-03 00:03:19,082 - log_app - INFO - log message num: 438
2021-10-03 00:03:19,383 - log_app - INFO - log message num: 439
2021-10-03 00:03:19,684 - log_app - INFO - log message num: 440
2021-10-03 00:03:19,985 - log_app - INFO - log message num: 441
2021-10-03 00:03:20,286 - log_app - INFO - log message num: 442
2021-10-03 00:03:20,587 - log_app - INFO - log message num: 443
2021-10-03 00:03:20,888 - log_app - INFO - log message num: 444
2021-10-03 00:03:21,189 - log_app - INFO - log message num: 445
2021-10-03 00:03:21,490 - log_app - INFO - log message num: 446
2021-10-03 00:03:21,791 - log_app - INFO - log message num: 447
2021-10-03 00:03:22,092 - log_app - INFO - log message num: 448
2021-10-03 00:03:22,393 - log_app - INFO - log message num: 449
2021-10-03 00:03:22,694 - log_app - INFO - log message num: 450
2021-10-03 00:03:22,995 - log_app - INFO - log message num: 451
2021-10-03 00:03:23,295 - log_app - INFO - log message num: 452
2021-10-03 00:03:23,596 - log_app - INFO - log message num: 453
2021-10-03 00:03:23,897 - log_app - INFO - log message num: 454
2021-10-03 00:03:24,198 - log_app - INFO - log message num: 455
2021-10-03 00:03:24,499 - log_app - INFO - log message num: 456
2021-10-03 00:03:24,800 - log_app - INFO - log message num: 457
2021-10-03 00:03:25,101 - log_app - INFO - log message num: 458
2021-10-03 00:03:25,402 - log_app - INFO - log message num: 459
2021-10-03 00:03:25,703 - log_app - INFO - log message num: 460
2021-10-03 00:03:26,004 - log_app - INFO - log message num: 461
2021-10-03 00:03:26,305 - log_app - INFO - log message num: 462
2021-10-03 00:03:26,606 - log_app - INFO - log message num: 463
2021-10-03 00:03:26,907 - log_app - INFO - log message num: 464
